Component: ARM Compiler 5.05 update 1 (build 106) Tool: armlink [4d0efa]

==============================================================================

Section Cross References

    display e adc.o(i.ADC0SS3_Handler) refers to display e adc.o(.data) for Voltage
    display e adc.o(i.Delay) refers to display e adc.o(.data) for msTicks
    display e adc.o(i.LCDConfig) refers to display e adc.o(i.LCD_RS) for LCD_RS
    display e adc.o(i.LCDConfig) refers to display e adc.o(i.LCD_RW) for LCD_RW
    display e adc.o(i.LCDConfig) refers to display e adc.o(i.LCD_EX) for LCD_EX
    display e adc.o(i.LCDConfig) refers to display e adc.o(i.LCD_DATA) for LCD_DATA
    display e adc.o(i.LCDConfig) refers to display e adc.o(i.LCD_COut) for LCD_COut
    display e adc.o(i.LCDConfig) refers to display e adc.o(i.LCD_Cursor) for LCD_Cursor
    display e adc.o(i.LCDConfig) refers to display e adc.o(i.LCD_Limpa) for LCD_Limpa
    display e adc.o(i.LCD_COut) refers to display e adc.o(i.LCD_DATA) for LCD_DATA
    display e adc.o(i.LCD_COut) refers to display e adc.o(i.LCD_EX) for LCD_EX
    display e adc.o(i.LCD_Cursor) refers to display e adc.o(i.LCD_RS) for LCD_RS
    display e adc.o(i.LCD_Cursor) refers to display e adc.o(i.LCD_COut) for LCD_COut
    display e adc.o(i.LCD_EX) refers to display e adc.o(i.Delay) for Delay
    display e adc.o(i.LCD_EX) refers to display e adc.o(i.LCD_E) for LCD_E
    display e adc.o(i.LCD_Limpa) refers to display e adc.o(i.LCD_RS) for LCD_RS
    display e adc.o(i.LCD_Limpa) refers to display e adc.o(i.LCD_COut) for LCD_COut
    display e adc.o(i.LCD_Out) refers to strlen.o(.text) for strlen
    display e adc.o(i.LCD_Out) refers to display e adc.o(i.SetLoc) for SetLoc
    display e adc.o(i.LCD_Out) refers to display e adc.o(i.LCD_COut) for LCD_COut
    display e adc.o(i.MainTask) refers to display e adc.o(.data) for init
    display e adc.o(i.SetLoc) refers to display e adc.o(i.LCD_RS) for LCD_RS
    display e adc.o(i.SetLoc) refers to display e adc.o(i.LCD_COut) for LCD_COut
    display e adc.o(i.String2Int) refers to strcpy.o(.text) for strcpy
    display e adc.o(i.String2Int) refers to atoi.o(.text) for atoi
    display e adc.o(i.SysTick_Handler) refers to display e adc.o(i.MainTask) for MainTask
    display e adc.o(i.SysTick_Handler) refers to display e adc.o(.data) for msTicks
    display e adc.o(i.UART0_Handler) refers to display e adc.o(.data) for SerialData
    display e adc.o(i.flow) refers to display e adc.o(.data) for flow_frequency
    display e adc.o(i.main) refers to _printf_percent.o(.ARM.Collect$$_printf_percent$$00000000) for _printf_percent
    display e adc.o(i.main) refers to _printf_d.o(.ARM.Collect$$_printf_percent$$00000009) for _printf_d
    display e adc.o(i.main) refers to _printf_dec.o(.text) for _printf_int_dec
    display e adc.o(i.main) refers to _printf_pad.o(.text) for _printf_pre_padding
    display e adc.o(i.main) refers to adc.o(i.ADC0_InitTimer0ATrigger) for ADC0_InitTimer0ATrigger
    display e adc.o(i.main) refers to display e adc.o(i.LCDConfig) for LCDConfig
    display e adc.o(i.main) refers to display e adc.o(i.Delay) for Delay
    display e adc.o(i.main) refers to display e adc.o(i.LCD_Limpa) for LCD_Limpa
    display e adc.o(i.main) refers to display e adc.o(i.SER_Initialize) for SER_Initialize
    display e adc.o(i.main) refers to noretval__2printf.o(.text) for __2printf
    display e adc.o(i.main) refers to display e adc.o(i.LCD_Out) for LCD_Out
    display e adc.o(i.main) refers to noretval__2sprintf.o(.text) for __2sprintf
    display e adc.o(i.main) refers to display e adc.o(.data) for init
    retarget.o(i._sys_exit) refers (Special) to use_no_semi.o(.text) for __use_no_semihosting_swi
    retarget.o(i._ttywrch) refers (Special) to use_no_semi.o(.text) for __use_no_semihosting_swi
    retarget.o(i._ttywrch) refers to display e adc.o(i.SER_PutChar) for SER_PutChar
    retarget.o(i.ferror) refers (Special) to use_no_semi.o(.text) for __use_no_semihosting_swi
    retarget.o(i.fgetc) refers (Special) to use_no_semi.o(.text) for __use_no_semihosting_swi
    retarget.o(i.fgetc) refers to display e adc.o(i.SER_GetChar) for SER_GetChar
    retarget.o(i.fputc) refers (Special) to use_no_semi.o(.text) for __use_no_semihosting_swi
    retarget.o(i.fputc) refers to display e adc.o(i.SER_PutChar) for SER_PutChar
    retarget.o(.data) refers (Special) to use_no_semi.o(.text) for __use_no_semihosting_swi
    startup_tm4c129.o(STACK) refers (Special) to heapauxi.o(.text) for __use_two_region_memory
    startup_tm4c129.o(HEAP) refers (Special) to heapauxi.o(.text) for __use_two_region_memory
    startup_tm4c129.o(RESET) refers (Special) to heapauxi.o(.text) for __use_two_region_memory
    startup_tm4c129.o(RESET) refers to startup_tm4c129.o(STACK) for __initial_sp
    startup_tm4c129.o(RESET) refers to startup_tm4c129.o(.text) for Reset_Handler
    startup_tm4c129.o(RESET) refers to display e adc.o(i.SysTick_Handler) for SysTick_Handler
    startup_tm4c129.o(RESET) refers to display e adc.o(i.UART0_Handler) for UART0_Handler
    startup_tm4c129.o(RESET) refers to display e adc.o(i.ADC0SS3_Handler) for ADC0SS3_Handler
    startup_tm4c129.o(.text) refers (Special) to heapauxi.o(.text) for __use_two_region_memory
    startup_tm4c129.o(.text) refers to system_tm4c129.o(i.SystemInit) for SystemInit
    startup_tm4c129.o(.text) refers to __main.o(!!!main) for __main
    startup_tm4c129.o(.text) refers to startup_tm4c129.o(HEAP) for Heap_Mem
    startup_tm4c129.o(.text) refers to startup_tm4c129.o(STACK) for Stack_Mem
    system_tm4c129.o(i.SystemCoreClockUpdate) refers to system_tm4c129.o(.data) for SystemCoreClock
    system_tm4c129.o(i.SystemInit) refers to system_tm4c129.o(.data) for SystemCoreClock
    __2printf.o(.text) refers to _printf_char_file.o(.text) for _printf_char_file
    __2printf.o(.text) refers to retarget.o(.data) for __stdout
    __2sprintf.o(.text) refers to _printf_char_common.o(.text) for _printf_char_common
    __2sprintf.o(.text) refers to _sputc.o(.text) for _sputc
    noretval__2printf.o(.text) refers to _printf_char_file.o(.text) for _printf_char_file
    noretval__2printf.o(.text) refers to retarget.o(.data) for __stdout
    noretval__2sprintf.o(.text) refers to _printf_char_common.o(.text) for _printf_char_common
    noretval__2sprintf.o(.text) refers to _sputc.o(.text) for _sputc
    __printf.o(.text) refers to _printf_percent.o(.ARM.Collect$$_printf_percent$$00000000) for _printf_percent
    _printf_dec.o(.text) refers to _printf_intcommon.o(.text) for _printf_int_common
    __printf_flags.o(.text) refers to _printf_percent.o(.ARM.Collect$$_printf_percent$$00000000) for _printf_percent
    __printf_flags.o(.text) refers to __printf_flags.o(.constdata) for .constdata
    __printf_ss.o(.text) refers to _printf_percent.o(.ARM.Collect$$_printf_percent$$00000000) for _printf_percent
    __printf_flags_ss.o(.text) refers to _printf_percent.o(.ARM.Collect$$_printf_percent$$00000000) for _printf_percent
    __printf_flags_ss.o(.text) refers to __printf_flags_ss.o(.constdata) for .constdata
    __printf_wp.o(.text) refers to __printf_wp.o(i._is_digit) for _is_digit
    __printf_wp.o(.text) refers to _printf_percent.o(.ARM.Collect$$_printf_percent$$00000000) for _printf_percent
    __printf_flags_wp.o(.text) refers to __printf_wp.o(i._is_digit) for _is_digit
    __printf_flags_wp.o(.text) refers to _printf_percent.o(.ARM.Collect$$_printf_percent$$00000000) for _printf_percent
    __printf_flags_wp.o(.text) refers to __printf_flags_wp.o(.constdata) for .constdata
    __printf_ss_wp.o(.text) refers to __printf_wp.o(i._is_digit) for _is_digit
    __printf_ss_wp.o(.text) refers to _printf_percent.o(.ARM.Collect$$_printf_percent$$00000000) for _printf_percent
    __printf_flags_ss_wp.o(.text) refers to __printf_wp.o(i._is_digit) for _is_digit
    __printf_flags_ss_wp.o(.text) refers to _printf_percent.o(.ARM.Collect$$_printf_percent$$00000000) for _printf_percent
    __printf_flags_ss_wp.o(.text) refers to __printf_flags_ss_wp.o(.constdata) for .constdata
    _printf_d.o(.ARM.Collect$$_printf_percent$$00000009) refers (Weak) to _printf_dec.o(.text) for _printf_int_dec
    _printf_percent.o(.ARM.Collect$$_printf_percent$$00000000) refers (Special) to _printf_percent_end.o(.ARM.Collect$$_printf_percent$$00000017) for _printf_percent_end
    atoi.o(.text) refers to rt_errno_addr_intlibspace.o(.text) for __aeabi_errno_addr
    atoi.o(.text) refers to strtol.o(.text) for strtol
    __main.o(!!!main) refers to __rtentry.o(.ARM.Collect$$rtentry$$00000000) for __rt_entry
    __rtentry.o(.ARM.Collect$$rtentry$$00000000) refers (Special) to __rtentry2.o(.ARM.Collect$$rtentry$$0000000A) for __rt_entry_li
    __rtentry.o(.ARM.Collect$$rtentry$$00000000) refers (Special) to __rtentry2.o(.ARM.Collect$$rtentry$$0000000D) for __rt_entry_main
    __rtentry.o(.ARM.Collect$$rtentry$$00000000) refers (Special) to __rtentry2.o(.ARM.Collect$$rtentry$$0000000C) for __rt_entry_postli_1
    __rtentry.o(.ARM.Collect$$rtentry$$00000000) refers (Special) to __rtentry2.o(.ARM.Collect$$rtentry$$00000009) for __rt_entry_postsh_1
    __rtentry.o(.ARM.Collect$$rtentry$$00000000) refers (Special) to __rtentry2.o(.ARM.Collect$$rtentry$$00000002) for __rt_entry_presh_1
    __rtentry.o(.ARM.Collect$$rtentry$$00000000) refers (Special) to __rtentry4.o(.ARM.Collect$$rtentry$$00000004) for __rt_entry_sh
    rt_errno_addr.o(.text) refers to rt_errno_addr.o(.bss) for __aeabi_errno_addr_data
    rt_errno_addr_intlibspace.o(.text) refers to libspace.o(.bss) for __libspace_start
    _printf_intcommon.o(.text) refers (Weak) to _printf_pad.o(.text) for _printf_pre_padding
    _printf_intcommon.o(.text) refers (Weak) to _printf_pad.o(.text) for _printf_pre_padding
    _printf_intcommon.o(.text) refers (Weak) to _printf_pad.o(.text) for _printf_post_padding
    _printf_char_common.o(.text) refers to __printf_wp.o(.text) for __printf
    _printf_char_file.o(.text) refers to _printf_char_common.o(.text) for _printf_char_common
    _printf_char_file.o(.text) refers to retarget.o(i.ferror) for ferror
    _printf_char_file.o(.text) refers to retarget.o(i.fputc) for fputc
    strtol.o(.text) refers to rt_ctype_table.o(.text) for __rt_ctype_table
    strtol.o(.text) refers to _strtoul.o(.text) for _strtoul
    strtol.o(.text) refers to rt_errno_addr_intlibspace.o(.text) for __aeabi_errno_addr
    libspace.o(.text) refers to libspace.o(.bss) for __libspace_start
    __rtentry2.o(.ARM.Collect$$rtentry$$00000008) refers to boardinit2.o(.text) for _platform_post_stackheap_init
    __rtentry2.o(.ARM.Collect$$rtentry$$0000000A) refers to libinit.o(.ARM.Collect$$libinit$$00000000) for __rt_lib_init
    __rtentry2.o(.ARM.Collect$$rtentry$$0000000B) refers to boardinit3.o(.text) for _platform_post_lib_init
    __rtentry2.o(.ARM.Collect$$rtentry$$0000000D) refers to display e adc.o(i.main) for main
    __rtentry2.o(.ARM.Collect$$rtentry$$0000000D) refers to exit.o(.text) for exit
    __rtentry2.o(.ARM.exidx) refers to __rtentry2.o(.ARM.Collect$$rtentry$$00000001) for .ARM.Collect$$rtentry$$00000001
    __rtentry2.o(.ARM.exidx) refers to __rtentry2.o(.ARM.Collect$$rtentry$$00000008) for .ARM.Collect$$rtentry$$00000008
    __rtentry2.o(.ARM.exidx) refers to __rtentry2.o(.ARM.Collect$$rtentry$$0000000A) for .ARM.Collect$$rtentry$$0000000A
    __rtentry2.o(.ARM.exidx) refers to __rtentry2.o(.ARM.Collect$$rtentry$$0000000B) for .ARM.Collect$$rtentry$$0000000B
    __rtentry2.o(.ARM.exidx) refers to __rtentry2.o(.ARM.Collect$$rtentry$$0000000D) for .ARM.Collect$$rtentry$$0000000D
    __rtentry4.o(.ARM.Collect$$rtentry$$00000004) refers to sys_stackheap_outer.o(.text) for __user_setup_stackheap
    __rtentry4.o(.ARM.exidx) refers to __rtentry4.o(.ARM.Collect$$rtentry$$00000004) for .ARM.Collect$$rtentry$$00000004
    rt_ctype_table.o(.text) refers to rt_locale_intlibspace.o(.text) for __rt_locale
    rt_ctype_table.o(.text) refers to lc_ctype_c.o(locale$$code) for _get_lc_ctype
    _strtoul.o(.text) refers to _chval.o(.text) for _chval
    _strtoul.o(.text) refers to rt_errno_addr_intlibspace.o(.text) for __aeabi_errno_addr
    sys_stackheap_outer.o(.text) refers to libspace.o(.text) for __user_perproc_libspace
    sys_stackheap_outer.o(.text) refers to startup_tm4c129.o(.text) for __user_initial_stackheap
    rt_locale.o(.text) refers to rt_locale.o(.bss) for __rt_locale_data
    rt_locale_intlibspace.o(.text) refers to libspace.o(.bss) for __libspace_start
    lc_ctype_c.o(locale$$data) refers (Special) to libinit2.o(.ARM.Collect$$libinit$$00000012) for __rt_lib_init_lc_ctype_2
    lc_ctype_c.o(locale$$code) refers (Special) to libinit2.o(.ARM.Collect$$libinit$$00000012) for __rt_lib_init_lc_ctype_2
    lc_ctype_c.o(locale$$code) refers to strcmpv7m.o(.text) for strcmp
    lc_ctype_c.o(locale$$code) refers to lc_ctype_c.o(locale$$data) for __lcctype_c_name
    exit.o(.text) refers to rtexit.o(.ARM.Collect$$rtexit$$00000000) for __rt_exit
    libinit.o(.ARM.Collect$$libinit$$00000000) refers (Special) to libinit2.o(.ARM.Collect$$libinit$$0000002E) for __rt_lib_init_alloca_1
    libinit.o(.ARM.Collect$$libinit$$00000000) refers (Special) to libinit2.o(.ARM.Collect$$libinit$$0000002C) for __rt_lib_init_argv_1
    libinit.o(.ARM.Collect$$libinit$$00000000) refers (Special) to libinit2.o(.ARM.Collect$$libinit$$0000001B) for __rt_lib_init_atexit_1
    libinit.o(.ARM.Collect$$libinit$$00000000) refers (Special) to libinit2.o(.ARM.Collect$$libinit$$00000021) for __rt_lib_init_clock_1
    libinit.o(.ARM.Collect$$libinit$$00000000) refers (Special) to libinit2.o(.ARM.Collect$$libinit$$00000032) for __rt_lib_init_cpp_1
    libinit.o(.ARM.Collect$$libinit$$00000000) refers (Special) to libinit2.o(.ARM.Collect$$libinit$$00000030) for __rt_lib_init_exceptions_1
    libinit.o(.ARM.Collect$$libinit$$00000000) refers (Special) to libinit2.o(.ARM.Collect$$libinit$$00000001) for __rt_lib_init_fp_1
    libinit.o(.ARM.Collect$$libinit$$00000000) refers (Special) to libinit2.o(.ARM.Collect$$libinit$$0000001F) for __rt_lib_init_fp_trap_1
    libinit.o(.ARM.Collect$$libinit$$00000000) refers (Special) to libinit2.o(.ARM.Collect$$libinit$$00000023) for __rt_lib_init_getenv_1
    libinit.o(.ARM.Collect$$libinit$$00000000) refers (Special) to libinit2.o(.ARM.Collect$$libinit$$0000000A) for __rt_lib_init_heap_1
    libinit.o(.ARM.Collect$$libinit$$00000000) refers (Special) to libinit2.o(.ARM.Collect$$libinit$$00000011) for __rt_lib_init_lc_collate_1
    libinit.o(.ARM.Collect$$libinit$$00000000) refers (Special) to libinit2.o(.ARM.Collect$$libinit$$00000013) for __rt_lib_init_lc_ctype_1
    libinit.o(.ARM.Collect$$libinit$$00000000) refers (Special) to libinit2.o(.ARM.Collect$$libinit$$00000015) for __rt_lib_init_lc_monetary_1
    libinit.o(.ARM.Collect$$libinit$$00000000) refers (Special) to libinit2.o(.ARM.Collect$$libinit$$00000017) for __rt_lib_init_lc_numeric_1
    libinit.o(.ARM.Collect$$libinit$$00000000) refers (Special) to libinit2.o(.ARM.Collect$$libinit$$00000019) for __rt_lib_init_lc_time_1
    libinit.o(.ARM.Collect$$libinit$$00000000) refers (Special) to libinit2.o(.ARM.Collect$$libinit$$00000004) for __rt_lib_init_preinit_1
    libinit.o(.ARM.Collect$$libinit$$00000000) refers (Special) to libinit2.o(.ARM.Collect$$libinit$$0000000E) for __rt_lib_init_rand_1
    libinit.o(.ARM.Collect$$libinit$$00000000) refers (Special) to libinit2.o(.ARM.Collect$$libinit$$00000033) for __rt_lib_init_return
    libinit.o(.ARM.Collect$$libinit$$00000000) refers (Special) to libinit2.o(.ARM.Collect$$libinit$$0000001D) for __rt_lib_init_signal_1
    libinit.o(.ARM.Collect$$libinit$$00000000) refers (Special) to libinit2.o(.ARM.Collect$$libinit$$00000025) for __rt_lib_init_stdio_1
    libinit.o(.ARM.Collect$$libinit$$00000000) refers (Special) to libinit2.o(.ARM.Collect$$libinit$$0000000C) for __rt_lib_init_user_alloc_1
    rtexit.o(.ARM.Collect$$rtexit$$00000000) refers (Special) to rtexit2.o(.ARM.Collect$$rtexit$$00000004) for __rt_exit_exit
    rtexit.o(.ARM.Collect$$rtexit$$00000000) refers (Special) to rtexit2.o(.ARM.Collect$$rtexit$$00000003) for __rt_exit_ls
    rtexit.o(.ARM.Collect$$rtexit$$00000000) refers (Special) to rtexit2.o(.ARM.Collect$$rtexit$$00000002) for __rt_exit_prels_1
    rtexit.o(.ARM.exidx) refers (Special) to rtexit2.o(.ARM.Collect$$rtexit$$00000004) for __rt_exit_exit
    rtexit.o(.ARM.exidx) refers (Special) to rtexit2.o(.ARM.Collect$$rtexit$$00000003) for __rt_exit_ls
    rtexit.o(.ARM.exidx) refers (Special) to rtexit2.o(.ARM.Collect$$rtexit$$00000002) for __rt_exit_prels_1
    rtexit.o(.ARM.exidx) refers to rtexit.o(.ARM.Collect$$rtexit$$00000000) for .ARM.Collect$$rtexit$$00000000
    libinit2.o(.ARM.Collect$$libinit$$00000001) refers to fpinit.o(x$fpl$fpinit) for _fp_init
    libinit2.o(.ARM.Collect$$libinit$$0000000F) refers (Weak) to rt_locale_intlibspace.o(.text) for __rt_locale
    libinit2.o(.ARM.Collect$$libinit$$00000010) refers to libinit2.o(.ARM.Collect$$libinit$$0000000F) for .ARM.Collect$$libinit$$0000000F
    libinit2.o(.ARM.Collect$$libinit$$00000012) refers to libinit2.o(.ARM.Collect$$libinit$$0000000F) for .ARM.Collect$$libinit$$0000000F
    libinit2.o(.ARM.Collect$$libinit$$00000012) refers (Weak) to lc_ctype_c.o(locale$$code) for _get_lc_ctype
    libinit2.o(.ARM.Collect$$libinit$$00000014) refers to libinit2.o(.ARM.Collect$$libinit$$0000000F) for .ARM.Collect$$libinit$$0000000F
    libinit2.o(.ARM.Collect$$libinit$$00000016) refers to libinit2.o(.ARM.Collect$$libinit$$0000000F) for .ARM.Collect$$libinit$$0000000F
    libinit2.o(.ARM.Collect$$libinit$$00000018) refers to libinit2.o(.ARM.Collect$$libinit$$0000000F) for .ARM.Collect$$libinit$$0000000F
    libinit2.o(.ARM.Collect$$libinit$$00000026) refers to argv_veneer.o(.emb_text) for __ARM_argv_veneer
    libinit2.o(.ARM.Collect$$libinit$$00000027) refers to argv_veneer.o(.emb_text) for __ARM_argv_veneer
    rtexit2.o(.ARM.Collect$$rtexit$$00000003) refers to libshutdown.o(.ARM.Collect$$libshutdown$$00000000) for __rt_lib_shutdown
    rtexit2.o(.ARM.Collect$$rtexit$$00000004) refers to retarget.o(i._sys_exit) for _sys_exit
    rtexit2.o(.ARM.exidx) refers to rtexit2.o(.ARM.Collect$$rtexit$$00000001) for .ARM.Collect$$rtexit$$00000001
    rtexit2.o(.ARM.exidx) refers to rtexit2.o(.ARM.Collect$$rtexit$$00000003) for .ARM.Collect$$rtexit$$00000003
    rtexit2.o(.ARM.exidx) refers to rtexit2.o(.ARM.Collect$$rtexit$$00000004) for .ARM.Collect$$rtexit$$00000004
    argv_veneer.o(.emb_text) refers to no_argv.o(.text) for __ARM_get_argv
    _get_argv_nomalloc.o(.text) refers (Special) to hrguard.o(.text) for __heap_region$guard
    _get_argv_nomalloc.o(.text) refers to defsig_rtmem_outer.o(.text) for __rt_SIGRTMEM
    _get_argv_nomalloc.o(.text) refers to sys_command.o(.text) for _sys_command_string
    libshutdown.o(.ARM.Collect$$libshutdown$$00000000) refers (Special) to libshutdown2.o(.ARM.Collect$$libshutdown$$00000006) for __rt_lib_shutdown_fp_trap_1
    libshutdown.o(.ARM.Collect$$libshutdown$$00000000) refers (Special) to libshutdown2.o(.ARM.Collect$$libshutdown$$0000000E) for __rt_lib_shutdown_heap_1
    libshutdown.o(.ARM.Collect$$libshutdown$$00000000) refers (Special) to libshutdown2.o(.ARM.Collect$$libshutdown$$0000000F) for __rt_lib_shutdown_return
    libshutdown.o(.ARM.Collect$$libshutdown$$00000000) refers (Special) to libshutdown2.o(.ARM.Collect$$libshutdown$$00000009) for __rt_lib_shutdown_signal_1
    libshutdown.o(.ARM.Collect$$libshutdown$$00000000) refers (Special) to libshutdown2.o(.ARM.Collect$$libshutdown$$00000003) for __rt_lib_shutdown_stdio_1
    libshutdown.o(.ARM.Collect$$libshutdown$$00000000) refers (Special) to libshutdown2.o(.ARM.Collect$$libshutdown$$0000000B) for __rt_lib_shutdown_user_alloc_1
    sys_command.o(.text) refers (Special) to use_no_semi.o(.text) for __I$use$semihosting
    sys_command.o(.text) refers (Special) to indicate_semi.o(.text) for __semihosting_library_function
    defsig_rtmem_outer.o(.text) refers to defsig_rtmem_inner.o(.text) for __rt_SIGRTMEM_inner
    defsig_rtmem_outer.o(.text) refers to defsig_exit.o(.text) for __sig_exit
    defsig_rtmem_formal.o(.text) refers to rt_raise.o(.text) for __rt_raise
    rt_raise.o(.text) refers to __raise.o(.text) for __raise
    rt_raise.o(.text) refers to retarget.o(i._sys_exit) for _sys_exit
    defsig_exit.o(.text) refers to retarget.o(i._sys_exit) for _sys_exit
    defsig_rtmem_inner.o(.text) refers to defsig_general.o(.text) for __default_signal_display
    __raise.o(.text) refers to defsig.o(CL$$defsig) for __default_signal_handler
    defsig_general.o(.text) refers to retarget.o(i._ttywrch) for _ttywrch
    defsig.o(CL$$defsig) refers to defsig_rtmem_inner.o(.text) for __rt_SIGRTMEM_inner
    defsig_abrt_inner.o(.text) refers to defsig_general.o(.text) for __default_signal_display
    defsig_fpe_inner.o(.text) refers to defsig_general.o(.text) for __default_signal_display
    defsig_rtred_inner.o(.text) refers to defsig_general.o(.text) for __default_signal_display
    defsig_stak_inner.o(.text) refers to defsig_general.o(.text) for __default_signal_display
    defsig_pvfn_inner.o(.text) refers to defsig_general.o(.text) for __default_signal_display
    defsig_cppl_inner.o(.text) refers to defsig_general.o(.text) for __default_signal_display
    defsig_segv_inner.o(.text) refers to defsig_general.o(.text) for __default_signal_display
    defsig_other.o(.text) refers to defsig_general.o(.text) for __default_signal_display


==============================================================================

Removing Unused input sections from the image.

    Removing display e adc.o(.rev16_text), (4 bytes).
    Removing display e adc.o(.revsh_text), (4 bytes).
    Removing display e adc.o(.rrx_text), (6 bytes).
    Removing display e adc.o(i.SER_GetChar), (12 bytes).
    Removing display e adc.o(i.String2Int), (46 bytes).
    Removing display e adc.o(i.flow), (16 bytes).
    Removing adc.o(.rev16_text), (4 bytes).
    Removing adc.o(.revsh_text), (4 bytes).
    Removing adc.o(.rrx_text), (6 bytes).
    Removing retarget.o(i._ttywrch), (12 bytes).
    Removing retarget.o(i.fgetc), (10 bytes).
    Removing serial.o(.rev16_text), (4 bytes).
    Removing serial.o(.revsh_text), (4 bytes).
    Removing serial.o(.rrx_text), (6 bytes).
    Removing system_tm4c129.o(.rev16_text), (4 bytes).
    Removing system_tm4c129.o(.revsh_text), (4 bytes).
    Removing system_tm4c129.o(.rrx_text), (6 bytes).
    Removing system_tm4c129.o(i.SystemCoreClockUpdate), (16 bytes).

18 unused section(s) (total 168 bytes) removed from the image.

==============================================================================

Image Symbol Table

    Local Symbols

    Symbol Name                              Value     Ov Type        Size  Object(Section)

    RESET                                    0x00000000   Section      512  startup_tm4c129.o(RESET)
    ../clib/angel/boardlib.s                 0x00000000   Number         0  boardinit3.o ABSOLUTE
    ../clib/angel/boardlib.s                 0x00000000   Number         0  boardinit1.o ABSOLUTE
    ../clib/angel/boardlib.s                 0x00000000   Number         0  boardinit2.o ABSOLUTE
    ../clib/angel/boardlib.s                 0x00000000   Number         0  boardshut.o ABSOLUTE
    ../clib/angel/handlers.s                 0x00000000   Number         0  __scatter_zi.o ABSOLUTE
    ../clib/angel/handlers.s                 0x00000000   Number         0  __scatter_copy.o ABSOLUTE
    ../clib/angel/kernel.s                   0x00000000   Number         0  __rtentry.o ABSOLUTE
    ../clib/angel/kernel.s                   0x00000000   Number         0  __rtentry4.o ABSOLUTE
    ../clib/angel/kernel.s                   0x00000000   Number         0  __rtentry2.o ABSOLUTE
    ../clib/angel/kernel.s                   0x00000000   Number         0  rtexit.o ABSOLUTE
    ../clib/angel/kernel.s                   0x00000000   Number         0  rtexit2.o ABSOLUTE
    ../clib/angel/rt.s                       0x00000000   Number         0  rt_errno_addr.o ABSOLUTE
    ../clib/angel/rt.s                       0x00000000   Number         0  rt_locale.o ABSOLUTE
    ../clib/angel/rt.s                       0x00000000   Number         0  rt_locale_intlibspace.o ABSOLUTE
    ../clib/angel/rt.s                       0x00000000   Number         0  rt_ctype_table.o ABSOLUTE
    ../clib/angel/rt.s                       0x00000000   Number         0  rt_errno_addr_intlibspace.o ABSOLUTE
    ../clib/angel/rt.s                       0x00000000   Number         0  rt_raise.o ABSOLUTE
    ../clib/angel/scatter.s                  0x00000000   Number         0  __scatter.o ABSOLUTE
    ../clib/angel/startup.s                  0x00000000   Number         0  __main.o ABSOLUTE
    ../clib/angel/sys.s                      0x00000000   Number         0  sys_stackheap_outer.o ABSOLUTE
    ../clib/angel/sys.s                      0x00000000   Number         0  indicate_semi.o ABSOLUTE
    ../clib/angel/sys.s                      0x00000000   Number         0  use_no_semi.o ABSOLUTE
    ../clib/angel/sys.s                      0x00000000   Number         0  libspace.o ABSOLUTE
    ../clib/angel/sysapp.c                   0x00000000   Number         0  sys_command.o ABSOLUTE
    ../clib/armsys.c                         0x00000000   Number         0  no_argv.o ABSOLUTE
    ../clib/armsys.c                         0x00000000   Number         0  _get_argv_nomalloc.o ABSOLUTE
    ../clib/armsys.c                         0x00000000   Number         0  argv_veneer.o ABSOLUTE
    ../clib/armsys.c                         0x00000000   Number         0  argv_veneer.o ABSOLUTE
    ../clib/heapalloc.c                      0x00000000   Number         0  hrguard.o ABSOLUTE
    ../clib/heapaux.c                        0x00000000   Number         0  heapauxi.o ABSOLUTE
    ../clib/libinit.s                        0x00000000   Number         0  libinit.o ABSOLUTE
    ../clib/libinit.s                        0x00000000   Number         0  libshutdown.o ABSOLUTE
    ../clib/libinit.s                        0x00000000   Number         0  libshutdown2.o ABSOLUTE
    ../clib/libinit.s                        0x00000000   Number         0  libinit2.o ABSOLUTE
    ../clib/locale.s                         0x00000000   Number         0  lc_ctype_c.o ABSOLUTE
    ../clib/memcpset.s                       0x00000000   Number         0  strcmpv7m.o ABSOLUTE
    ../clib/misc.s                           0x00000000   Number         0  printf_stubs.o ABSOLUTE
    ../clib/printf.c                         0x00000000   Number         0  __2printf.o ABSOLUTE
    ../clib/printf.c                         0x00000000   Number         0  _printf_intcommon.o ABSOLUTE
    ../clib/printf.c                         0x00000000   Number         0  _printf_char_common.o ABSOLUTE
    ../clib/printf.c                         0x00000000   Number         0  __printf_nopercent.o ABSOLUTE
    ../clib/printf.c                         0x00000000   Number         0  _sputc.o ABSOLUTE
    ../clib/printf.c                         0x00000000   Number         0  _printf_char_file.o ABSOLUTE
    ../clib/printf.c                         0x00000000   Number         0  noretval__2printf.o ABSOLUTE
    ../clib/printf.c                         0x00000000   Number         0  __printf_flags_ss_wp.o ABSOLUTE
    ../clib/printf.c                         0x00000000   Number         0  __printf_ss_wp.o ABSOLUTE
    ../clib/printf.c                         0x00000000   Number         0  __printf_flags_wp.o ABSOLUTE
    ../clib/printf.c                         0x00000000   Number         0  _printf_dec.o ABSOLUTE
    ../clib/printf.c                         0x00000000   Number         0  __printf_wp.o ABSOLUTE
    ../clib/printf.c                         0x00000000   Number         0  __printf_flags_ss.o ABSOLUTE
    ../clib/printf.c                         0x00000000   Number         0  __printf_ss.o ABSOLUTE
    ../clib/printf.c                         0x00000000   Number         0  __printf_flags.o ABSOLUTE
    ../clib/printf.c                         0x00000000   Number         0  __2sprintf.o ABSOLUTE
    ../clib/printf.c                         0x00000000   Number         0  noretval__2sprintf.o ABSOLUTE
    ../clib/printf.c                         0x00000000   Number         0  __printf.o ABSOLUTE
    ../clib/printf.c                         0x00000000   Number         0  _printf_pad.o ABSOLUTE
    ../clib/printf_percent.s                 0x00000000   Number         0  _printf_percent.o ABSOLUTE
    ../clib/printf_percent.s                 0x00000000   Number         0  _printf_d.o ABSOLUTE
    ../clib/printf_percent.s                 0x00000000   Number         0  _printf_percent_end.o ABSOLUTE
    ../clib/scanf.c                          0x00000000   Number         0  strtol.o ABSOLUTE
    ../clib/scanf.c                          0x00000000   Number         0  atoi.o ABSOLUTE
    ../clib/scanf.c                          0x00000000   Number         0  _chval.o ABSOLUTE
    ../clib/scanf.c                          0x00000000   Number         0  _strtoul.o ABSOLUTE
    ../clib/signal.c                         0x00000000   Number         0  defsig_rtred_inner.o ABSOLUTE
    ../clib/signal.c                         0x00000000   Number         0  defsig_stak_inner.o ABSOLUTE
    ../clib/signal.c                         0x00000000   Number         0  defsig_pvfn_inner.o ABSOLUTE
    ../clib/signal.c                         0x00000000   Number         0  defsig_cppl_inner.o ABSOLUTE
    ../clib/signal.c                         0x00000000   Number         0  defsig_segv_inner.o ABSOLUTE
    ../clib/signal.c                         0x00000000   Number         0  defsig_exit.o ABSOLUTE
    ../clib/signal.c                         0x00000000   Number         0  defsig_other.o ABSOLUTE
    ../clib/signal.c                         0x00000000   Number         0  defsig_rtmem_formal.o ABSOLUTE
    ../clib/signal.c                         0x00000000   Number         0  defsig_rtmem_inner.o ABSOLUTE
    ../clib/signal.c                         0x00000000   Number         0  defsig_rtmem_outer.o ABSOLUTE
    ../clib/signal.c                         0x00000000   Number         0  __raise.o ABSOLUTE
    ../clib/signal.c                         0x00000000   Number         0  defsig_general.o ABSOLUTE
    ../clib/signal.c                         0x00000000   Number         0  defsig_abrt_inner.o ABSOLUTE
    ../clib/signal.c                         0x00000000   Number         0  defsig_fpe_inner.o ABSOLUTE
    ../clib/signal.s                         0x00000000   Number         0  defsig.o ABSOLUTE
    ../clib/stdlib.c                         0x00000000   Number         0  exit.o ABSOLUTE
    ../clib/string.c                         0x00000000   Number         0  strcpy.o ABSOLUTE
    ../clib/string.c                         0x00000000   Number         0  strlen.o ABSOLUTE
    ../fplib/fpinit.s                        0x00000000   Number         0  fpinit.o ABSOLUTE
    ADC.c                                    0x00000000   Number         0  adc.o ABSOLUTE
    ADC.c                                    0x00000000   Number         0  adc.o ABSOLUTE
    Display e ADC.c                          0x00000000   Number         0  display e adc.o ABSOLUTE
    Display e ADC.c                          0x00000000   Number         0  display e adc.o ABSOLUTE
    RTE\Device\TM4C1294NCPDT\startup_TM4C129.s 0x00000000   Number         0  startup_tm4c129.o ABSOLUTE
    RTE\Device\TM4C1294NCPDT\system_tm4c129.c 0x00000000   Number         0  system_tm4c129.o ABSOLUTE
    RTE\\Device\\TM4C1294NCPDT\\system_tm4c129.c 0x00000000   Number         0  system_tm4c129.o ABSOLUTE
    Retarget.c                               0x00000000   Number         0  retarget.o ABSOLUTE
    Serial.c                                 0x00000000   Number         0  serial.o ABSOLUTE
    Serial.c                                 0x00000000   Number         0  serial.o ABSOLUTE
    dc.s                                     0x00000000   Number         0  dc.o ABSOLUTE
    !!!main                                  0x00000200   Section        8  __main.o(!!!main)
    !!!scatter                               0x00000208   Section       52  __scatter.o(!!!scatter)
    !!handler_copy                           0x0000023c   Section       26  __scatter_copy.o(!!handler_copy)
    !!handler_zi                             0x00000258   Section       28  __scatter_zi.o(!!handler_zi)
    .ARM.Collect$$_printf_percent$$00000000  0x00000274   Section        0  _printf_percent.o(.ARM.Collect$$_printf_percent$$00000000)
    .ARM.Collect$$_printf_percent$$00000009  0x00000274   Section        6  _printf_d.o(.ARM.Collect$$_printf_percent$$00000009)
    .ARM.Collect$$_printf_percent$$00000017  0x0000027a   Section        4  _printf_percent_end.o(.ARM.Collect$$_printf_percent$$00000017)
    .ARM.Collect$$libinit$$00000000          0x0000027e   Section        2  libinit.o(.ARM.Collect$$libinit$$00000000)
    .ARM.Collect$$libinit$$00000001          0x00000280   Section        4  libinit2.o(.ARM.Collect$$libinit$$00000001)
    .ARM.Collect$$libinit$$00000004          0x00000284   Section        0  libinit2.o(.ARM.Collect$$libinit$$00000004)
    .ARM.Collect$$libinit$$0000000A          0x00000284   Section        0  libinit2.o(.ARM.Collect$$libinit$$0000000A)
    .ARM.Collect$$libinit$$0000000C          0x00000284   Section        0  libinit2.o(.ARM.Collect$$libinit$$0000000C)
    .ARM.Collect$$libinit$$0000000E          0x00000284   Section        0  libinit2.o(.ARM.Collect$$libinit$$0000000E)
    .ARM.Collect$$libinit$$00000011          0x00000284   Section        0  libinit2.o(.ARM.Collect$$libinit$$00000011)
    .ARM.Collect$$libinit$$00000013          0x00000284   Section        0  libinit2.o(.ARM.Collect$$libinit$$00000013)
    .ARM.Collect$$libinit$$00000015          0x00000284   Section        0  libinit2.o(.ARM.Collect$$libinit$$00000015)
    .ARM.Collect$$libinit$$00000017          0x00000284   Section        0  libinit2.o(.ARM.Collect$$libinit$$00000017)
    .ARM.Collect$$libinit$$00000019          0x00000284   Section        0  libinit2.o(.ARM.Collect$$libinit$$00000019)
    .ARM.Collect$$libinit$$0000001B          0x00000284   Section        0  libinit2.o(.ARM.Collect$$libinit$$0000001B)
    .ARM.Collect$$libinit$$0000001D          0x00000284   Section        0  libinit2.o(.ARM.Collect$$libinit$$0000001D)
    .ARM.Collect$$libinit$$0000001F          0x00000284   Section        0  libinit2.o(.ARM.Collect$$libinit$$0000001F)
    .ARM.Collect$$libinit$$00000021          0x00000284   Section        0  libinit2.o(.ARM.Collect$$libinit$$00000021)
    .ARM.Collect$$libinit$$00000023          0x00000284   Section        0  libinit2.o(.ARM.Collect$$libinit$$00000023)
    .ARM.Collect$$libinit$$00000025          0x00000284   Section        0  libinit2.o(.ARM.Collect$$libinit$$00000025)
    .ARM.Collect$$libinit$$0000002C          0x00000284   Section        0  libinit2.o(.ARM.Collect$$libinit$$0000002C)
    .ARM.Collect$$libinit$$0000002E          0x00000284   Section        0  libinit2.o(.ARM.Collect$$libinit$$0000002E)
    .ARM.Collect$$libinit$$00000030          0x00000284   Section        0  libinit2.o(.ARM.Collect$$libinit$$00000030)
    .ARM.Collect$$libinit$$00000032          0x00000284   Section        0  libinit2.o(.ARM.Collect$$libinit$$00000032)
    .ARM.Collect$$libinit$$00000033          0x00000284   Section        2  libinit2.o(.ARM.Collect$$libinit$$00000033)
    .ARM.Collect$$libshutdown$$00000000      0x00000286   Section        2  libshutdown.o(.ARM.Collect$$libshutdown$$00000000)
    .ARM.Collect$$libshutdown$$00000003      0x00000288   Section        0  libshutdown2.o(.ARM.Collect$$libshutdown$$00000003)
    .ARM.Collect$$libshutdown$$00000006      0x00000288   Section        0  libshutdown2.o(.ARM.Collect$$libshutdown$$00000006)
    .ARM.Collect$$libshutdown$$00000009      0x00000288   Section        0  libshutdown2.o(.ARM.Collect$$libshutdown$$00000009)
    .ARM.Collect$$libshutdown$$0000000B      0x00000288   Section        0  libshutdown2.o(.ARM.Collect$$libshutdown$$0000000B)
    .ARM.Collect$$libshutdown$$0000000E      0x00000288   Section        0  libshutdown2.o(.ARM.Collect$$libshutdown$$0000000E)
    .ARM.Collect$$libshutdown$$0000000F      0x00000288   Section        2  libshutdown2.o(.ARM.Collect$$libshutdown$$0000000F)
    .ARM.Collect$$rtentry$$00000000          0x0000028a   Section        0  __rtentry.o(.ARM.Collect$$rtentry$$00000000)
    .ARM.Collect$$rtentry$$00000002          0x0000028a   Section        0  __rtentry2.o(.ARM.Collect$$rtentry$$00000002)
    .ARM.Collect$$rtentry$$00000004          0x0000028a   Section        6  __rtentry4.o(.ARM.Collect$$rtentry$$00000004)
    .ARM.Collect$$rtentry$$00000009          0x00000290   Section        0  __rtentry2.o(.ARM.Collect$$rtentry$$00000009)
    .ARM.Collect$$rtentry$$0000000A          0x00000290   Section        4  __rtentry2.o(.ARM.Collect$$rtentry$$0000000A)
    .ARM.Collect$$rtentry$$0000000C          0x00000294   Section        0  __rtentry2.o(.ARM.Collect$$rtentry$$0000000C)
    .ARM.Collect$$rtentry$$0000000D          0x00000294   Section        8  __rtentry2.o(.ARM.Collect$$rtentry$$0000000D)
    .ARM.Collect$$rtexit$$00000000           0x0000029c   Section        2  rtexit.o(.ARM.Collect$$rtexit$$00000000)
    .ARM.Collect$$rtexit$$00000002           0x0000029e   Section        0  rtexit2.o(.ARM.Collect$$rtexit$$00000002)
    .ARM.Collect$$rtexit$$00000003           0x0000029e   Section        4  rtexit2.o(.ARM.Collect$$rtexit$$00000003)
    .ARM.Collect$$rtexit$$00000004           0x000002a2   Section        6  rtexit2.o(.ARM.Collect$$rtexit$$00000004)
    .text                                    0x000002a8   Section      300  startup_tm4c129.o(.text)
    $v0                                      0x000002a8   Number         0  startup_tm4c129.o(.text)
    .text                                    0x000003d4   Section        2  use_no_semi.o(.text)
    .text                                    0x000003d8   Section        0  noretval__2printf.o(.text)
    .text                                    0x000003f0   Section        0  noretval__2sprintf.o(.text)
    .text                                    0x00000418   Section        0  _printf_pad.o(.text)
    .text                                    0x00000468   Section        0  _printf_dec.o(.text)
    .text                                    0x000004e0   Section        0  __printf_wp.o(.text)
    .text                                    0x000005ee   Section        0  strlen.o(.text)
    .text                                    0x0000062c   Section        0  heapauxi.o(.text)
    .text                                    0x00000632   Section        0  _printf_intcommon.o(.text)
    .text                                    0x000006e4   Section        0  _printf_char_common.o(.text)
    _printf_input_char                       0x000006e5   Thumb Code    10  _printf_char_common.o(.text)
    .text                                    0x00000714   Section        0  _sputc.o(.text)
    .text                                    0x00000720   Section        0  _printf_char_file.o(.text)
    .text                                    0x00000744   Section        8  libspace.o(.text)
    .text                                    0x0000074c   Section       74  sys_stackheap_outer.o(.text)
    .text                                    0x00000796   Section        0  exit.o(.text)
    i.ADC0SS3_Handler                        0x000007a4   Section        0  display e adc.o(i.ADC0SS3_Handler)
    i.ADC0_InitTimer0ATrigger                0x000007d0   Section        0  adc.o(i.ADC0_InitTimer0ATrigger)
    i.Delay                                  0x0000095c   Section        0  display e adc.o(i.Delay)
    i.LCDConfig                              0x00000974   Section        0  display e adc.o(i.LCDConfig)
    i.LCD_COut                               0x000009a8   Section        0  display e adc.o(i.LCD_COut)
    i.LCD_Cursor                             0x000009cc   Section        0  display e adc.o(i.LCD_Cursor)
    i.LCD_DATA                               0x000009f0   Section        0  display e adc.o(i.LCD_DATA)
    i.LCD_E                                  0x00000a94   Section        0  display e adc.o(i.LCD_E)
    i.LCD_EX                                 0x00000ac0   Section        0  display e adc.o(i.LCD_EX)
    i.LCD_Limpa                              0x00000ae2   Section        0  display e adc.o(i.LCD_Limpa)
    i.LCD_Out                                0x00000af8   Section        0  display e adc.o(i.LCD_Out)
    i.LCD_RS                                 0x00000b34   Section        0  display e adc.o(i.LCD_RS)
    i.LCD_RW                                 0x00000b60   Section        0  display e adc.o(i.LCD_RW)
    i.MainTask                               0x00000b8c   Section        0  display e adc.o(i.MainTask)
    i.SER_Initialize                         0x00000bf0   Section        0  display e adc.o(i.SER_Initialize)
    i.SER_PutChar                            0x00000cc8   Section        0  display e adc.o(i.SER_PutChar)
    i.SetLoc                                 0x00000ce4   Section        0  display e adc.o(i.SetLoc)
    i.SysTick_Handler                        0x00000d14   Section        0  display e adc.o(i.SysTick_Handler)
    i.SystemInit                             0x00000d50   Section        0  system_tm4c129.o(i.SystemInit)
    i.UART0_Handler                          0x00000d70   Section        0  display e adc.o(i.UART0_Handler)
    i._is_digit                              0x00000d98   Section        0  __printf_wp.o(i._is_digit)
    i._sys_exit                              0x00000da6   Section        0  retarget.o(i._sys_exit)
    i.ferror                                 0x00000daa   Section        0  retarget.o(i.ferror)
    i.fputc                                  0x00000db2   Section        0  retarget.o(i.fputc)
    i.main                                   0x00000dc0   Section        0  display e adc.o(i.main)
    x$fpl$fpinit                             0x0000127c   Section       10  fpinit.o(x$fpl$fpinit)
    $v0                                      0x0000127c   Number         0  fpinit.o(x$fpl$fpinit)
    .data                                    0x20000000   Section       80  display e adc.o(.data)
    .data                                    0x20000050   Section        8  retarget.o(.data)
    .data                                    0x20000058   Section        4  system_tm4c129.o(.data)
    .bss                                     0x2000005c   Section       96  libspace.o(.bss)
    HEAP                                     0x200000c0   Section        0  startup_tm4c129.o(HEAP)
    STACK                                    0x200000c0   Section      512  startup_tm4c129.o(STACK)
    Heap_Mem                                 0x200000c0   Data           0  startup_tm4c129.o(HEAP)
    Stack_Mem                                0x200000c0   Data         512  startup_tm4c129.o(STACK)
    __initial_sp                             0x200002c0   Data           0  startup_tm4c129.o(STACK)

    Global Symbols

    Symbol Name                              Value     Ov Type        Size  Object(Section)

    BuildAttributes$$THM_ISAv4$E$P$D$K$B$S$7EM$VFPi3$EXTD16$VFPS$VFMA$PE$A:L22UL41UL21$X:L11$S22US41US21$IEEE1$IW$USESV6$~STKCKD$USESV7$~SHL$OSPACE$ROPI$EBA8$UX$STANDARDLIB$REQ8$PRES8$EABIv2 0x00000000   Number         0  anon$$obj.o ABSOLUTE
    __ARM_use_no_argv                        0x00000000   Number         0  display e adc.o ABSOLUTE
    __Vectors                                0x00000000   Data           4  startup_tm4c129.o(RESET)
    _printf_flags                            0x00000000   Number         0  printf_stubs.o ABSOLUTE
    _printf_return_value                     0x00000000   Number         0  printf_stubs.o ABSOLUTE
    _printf_sizespec                         0x00000000   Number         0  printf_stubs.o ABSOLUTE
    _printf_widthprec                        0x00000000   Number         0  printf_stubs.o ABSOLUTE
    __ARM_exceptions_init                     - Undefined Weak Reference
    __alloca_initialize                       - Undefined Weak Reference
    __arm_preinit_                            - Undefined Weak Reference
    __cpp_initialize__aeabi_                  - Undefined Weak Reference
    __cxa_finalize                            - Undefined Weak Reference
    __sigvec_lookup                           - Undefined Weak Reference
    _atexit_init                              - Undefined Weak Reference
    _call_atexit_fns                          - Undefined Weak Reference
    _clock_init                               - Undefined Weak Reference
    _fp_trap_init                             - Undefined Weak Reference
    _fp_trap_shutdown                         - Undefined Weak Reference
    _get_lc_collate                           - Undefined Weak Reference
    _get_lc_monetary                          - Undefined Weak Reference
    _get_lc_numeric                           - Undefined Weak Reference
    _get_lc_time                              - Undefined Weak Reference
    _getenv_init                              - Undefined Weak Reference
    _handle_redirection                       - Undefined Weak Reference
    _init_alloc                               - Undefined Weak Reference
    _init_user_alloc                          - Undefined Weak Reference
    _initio                                   - Undefined Weak Reference
    _printf_truncate_signed                   - Undefined Weak Reference
    _printf_truncate_unsigned                 - Undefined Weak Reference
    _rand_init                                - Undefined Weak Reference
    _signal_finish                            - Undefined Weak Reference
    _signal_init                              - Undefined Weak Reference
    _terminate_alloc                          - Undefined Weak Reference
    _terminate_user_alloc                     - Undefined Weak Reference
    _terminateio                              - Undefined Weak Reference
    __Vectors_End                            0x00000200   Data           0  startup_tm4c129.o(RESET)
    __Vectors_Size                           0x00000200   Number         0  startup_tm4c129.o ABSOLUTE
    __main                                   0x00000201   Thumb Code     8  __main.o(!!!main)
    __scatterload                            0x00000209   Thumb Code     0  __scatter.o(!!!scatter)
    __scatterload_rt2                        0x00000209   Thumb Code    44  __scatter.o(!!!scatter)
    __scatterload_rt2_thumb_only             0x00000209   Thumb Code     0  __scatter.o(!!!scatter)
    __scatterload_null                       0x00000217   Thumb Code     0  __scatter.o(!!!scatter)
    __scatterload_copy                       0x0000023d   Thumb Code    26  __scatter_copy.o(!!handler_copy)
    __scatterload_zeroinit                   0x00000259   Thumb Code    28  __scatter_zi.o(!!handler_zi)
    _printf_d                                0x00000275   Thumb Code     0  _printf_d.o(.ARM.Collect$$_printf_percent$$00000009)
    _printf_percent                          0x00000275   Thumb Code     0  _printf_percent.o(.ARM.Collect$$_printf_percent$$00000000)
    _printf_percent_end                      0x0000027b   Thumb Code     0  _printf_percent_end.o(.ARM.Collect$$_printf_percent$$00000017)
    __rt_lib_init                            0x0000027f   Thumb Code     0  libinit.o(.ARM.Collect$$libinit$$00000000)
    __rt_lib_init_fp_1                       0x00000281   Thumb Code     0  libinit2.o(.ARM.Collect$$libinit$$00000001)
    __rt_lib_init_alloca_1                   0x00000285   Thumb Code     0  libinit2.o(.ARM.Collect$$libinit$$0000002E)
    __rt_lib_init_argv_1                     0x00000285   Thumb Code     0  libinit2.o(.ARM.Collect$$libinit$$0000002C)
    __rt_lib_init_atexit_1                   0x00000285   Thumb Code     0  libinit2.o(.ARM.Collect$$libinit$$0000001B)
    __rt_lib_init_clock_1                    0x00000285   Thumb Code     0  libinit2.o(.ARM.Collect$$libinit$$00000021)
    __rt_lib_init_cpp_1                      0x00000285   Thumb Code     0  libinit2.o(.ARM.Collect$$libinit$$00000032)
    __rt_lib_init_exceptions_1               0x00000285   Thumb Code     0  libinit2.o(.ARM.Collect$$libinit$$00000030)
    __rt_lib_init_fp_trap_1                  0x00000285   Thumb Code     0  libinit2.o(.ARM.Collect$$libinit$$0000001F)
    __rt_lib_init_getenv_1                   0x00000285   Thumb Code     0  libinit2.o(.ARM.Collect$$libinit$$00000023)
    __rt_lib_init_heap_1                     0x00000285   Thumb Code     0  libinit2.o(.ARM.Collect$$libinit$$0000000A)
    __rt_lib_init_lc_collate_1               0x00000285   Thumb Code     0  libinit2.o(.ARM.Collect$$libinit$$00000011)
    __rt_lib_init_lc_ctype_1                 0x00000285   Thumb Code     0  libinit2.o(.ARM.Collect$$libinit$$00000013)
    __rt_lib_init_lc_monetary_1              0x00000285   Thumb Code     0  libinit2.o(.ARM.Collect$$libinit$$00000015)
    __rt_lib_init_lc_numeric_1               0x00000285   Thumb Code     0  libinit2.o(.ARM.Collect$$libinit$$00000017)
    __rt_lib_init_lc_time_1                  0x00000285   Thumb Code     0  libinit2.o(.ARM.Collect$$libinit$$00000019)
    __rt_lib_init_preinit_1                  0x00000285   Thumb Code     0  libinit2.o(.ARM.Collect$$libinit$$00000004)
    __rt_lib_init_rand_1                     0x00000285   Thumb Code     0  libinit2.o(.ARM.Collect$$libinit$$0000000E)
    __rt_lib_init_return                     0x00000285   Thumb Code     0  libinit2.o(.ARM.Collect$$libinit$$00000033)
    __rt_lib_init_signal_1                   0x00000285   Thumb Code     0  libinit2.o(.ARM.Collect$$libinit$$0000001D)
    __rt_lib_init_stdio_1                    0x00000285   Thumb Code     0  libinit2.o(.ARM.Collect$$libinit$$00000025)
    __rt_lib_init_user_alloc_1               0x00000285   Thumb Code     0  libinit2.o(.ARM.Collect$$libinit$$0000000C)
    __rt_lib_shutdown                        0x00000287   Thumb Code     0  libshutdown.o(.ARM.Collect$$libshutdown$$00000000)
    __rt_lib_shutdown_fp_trap_1              0x00000289   Thumb Code     0  libshutdown2.o(.ARM.Collect$$libshutdown$$00000006)
    __rt_lib_shutdown_heap_1                 0x00000289   Thumb Code     0  libshutdown2.o(.ARM.Collect$$libshutdown$$0000000E)
    __rt_lib_shutdown_return                 0x00000289   Thumb Code     0  libshutdown2.o(.ARM.Collect$$libshutdown$$0000000F)
    __rt_lib_shutdown_signal_1               0x00000289   Thumb Code     0  libshutdown2.o(.ARM.Collect$$libshutdown$$00000009)
    __rt_lib_shutdown_stdio_1                0x00000289   Thumb Code     0  libshutdown2.o(.ARM.Collect$$libshutdown$$00000003)
    __rt_lib_shutdown_user_alloc_1           0x00000289   Thumb Code     0  libshutdown2.o(.ARM.Collect$$libshutdown$$0000000B)
    __rt_entry                               0x0000028b   Thumb Code     0  __rtentry.o(.ARM.Collect$$rtentry$$00000000)
    __rt_entry_presh_1                       0x0000028b   Thumb Code     0  __rtentry2.o(.ARM.Collect$$rtentry$$00000002)
    __rt_entry_sh                            0x0000028b   Thumb Code     0  __rtentry4.o(.ARM.Collect$$rtentry$$00000004)
    __rt_entry_li                            0x00000291   Thumb Code     0  __rtentry2.o(.ARM.Collect$$rtentry$$0000000A)
    __rt_entry_postsh_1                      0x00000291   Thumb Code     0  __rtentry2.o(.ARM.Collect$$rtentry$$00000009)
    __rt_entry_main                          0x00000295   Thumb Code     0  __rtentry2.o(.ARM.Collect$$rtentry$$0000000D)
    __rt_entry_postli_1                      0x00000295   Thumb Code     0  __rtentry2.o(.ARM.Collect$$rtentry$$0000000C)
    __rt_exit                                0x0000029d   Thumb Code     0  rtexit.o(.ARM.Collect$$rtexit$$00000000)
    __rt_exit_ls                             0x0000029f   Thumb Code     0  rtexit2.o(.ARM.Collect$$rtexit$$00000003)
    __rt_exit_prels_1                        0x0000029f   Thumb Code     0  rtexit2.o(.ARM.Collect$$rtexit$$00000002)
    __rt_exit_exit                           0x000002a3   Thumb Code     0  rtexit2.o(.ARM.Collect$$rtexit$$00000004)
    Reset_Handler                            0x000002a9   Thumb Code     8  startup_tm4c129.o(.text)
    NMI_Handler                              0x000002b1   Thumb Code     2  startup_tm4c129.o(.text)
    HardFault_Handler                        0x000002b3   Thumb Code     2  startup_tm4c129.o(.text)
    MemManage_Handler                        0x000002b5   Thumb Code     2  startup_tm4c129.o(.text)
    BusFault_Handler                         0x000002b7   Thumb Code     2  startup_tm4c129.o(.text)
    UsageFault_Handler                       0x000002b9   Thumb Code     2  startup_tm4c129.o(.text)
    SVC_Handler                              0x000002bb   Thumb Code     2  startup_tm4c129.o(.text)
    DebugMon_Handler                         0x000002bd   Thumb Code     2  startup_tm4c129.o(.text)
    PendSV_Handler                           0x000002bf   Thumb Code     2  startup_tm4c129.o(.text)
    GPIOA_Handler                            0x000002c3   Thumb Code     2  startup_tm4c129.o(.text)
    GPIOB_Handler                            0x000002c5   Thumb Code     2  startup_tm4c129.o(.text)
    GPIOC_Handler                            0x000002c7   Thumb Code     2  startup_tm4c129.o(.text)
    GPIOD_Handler                            0x000002c9   Thumb Code     2  startup_tm4c129.o(.text)
    GPIOE_Handler                            0x000002cb   Thumb Code     2  startup_tm4c129.o(.text)
    UART1_Handler                            0x000002cf   Thumb Code     2  startup_tm4c129.o(.text)
    SSI0_Handler                             0x000002d1   Thumb Code     2  startup_tm4c129.o(.text)
    I2C0_Handler                             0x000002d3   Thumb Code     2  startup_tm4c129.o(.text)
    PMW0_FAULT_Handler                       0x000002d5   Thumb Code     2  startup_tm4c129.o(.text)
    PWM0_0_Handler                           0x000002d7   Thumb Code     2  startup_tm4c129.o(.text)
    PWM0_1_Handler                           0x000002d9   Thumb Code     2  startup_tm4c129.o(.text)
    PWM0_2_Handler                           0x000002db   Thumb Code     2  startup_tm4c129.o(.text)
    QEI0_Handler                             0x000002dd   Thumb Code     2  startup_tm4c129.o(.text)
    ADC0SS0_Handler                          0x000002df   Thumb Code     2  startup_tm4c129.o(.text)
    ADC0SS1_Handler                          0x000002e1   Thumb Code     2  startup_tm4c129.o(.text)
    ADC0SS2_Handler                          0x000002e3   Thumb Code     2  startup_tm4c129.o(.text)
    WDT0_Handler                             0x000002e7   Thumb Code     2  startup_tm4c129.o(.text)
    TIMER0A_Handler                          0x000002e9   Thumb Code     2  startup_tm4c129.o(.text)
    TIMER0B_Handler                          0x000002eb   Thumb Code     2  startup_tm4c129.o(.text)
    TIMER1A_Handler                          0x000002ed   Thumb Code     2  startup_tm4c129.o(.text)
    TIMER1B_Handler                          0x000002ef   Thumb Code     2  startup_tm4c129.o(.text)
    TIMER2A_Handler                          0x000002f1   Thumb Code     2  startup_tm4c129.o(.text)
    TIMER2B_Handler                          0x000002f3   Thumb Code     2  startup_tm4c129.o(.text)
    COMP0_Handler                            0x000002f5   Thumb Code     2  startup_tm4c129.o(.text)
    COMP1_Handler                            0x000002f7   Thumb Code     2  startup_tm4c129.o(.text)
    COMP2_Handler                            0x000002f9   Thumb Code     2  startup_tm4c129.o(.text)
    SYSCTL_Handler                           0x000002fb   Thumb Code     2  startup_tm4c129.o(.text)
    FLASH_Handler                            0x000002fd   Thumb Code     2  startup_tm4c129.o(.text)
    GPIOF_Handler                            0x000002ff   Thumb Code     2  startup_tm4c129.o(.text)
    GPIOG_Handler                            0x00000301   Thumb Code     2  startup_tm4c129.o(.text)
    GPIOH_Handler                            0x00000303   Thumb Code     2  startup_tm4c129.o(.text)
    UART2_Handler                            0x00000305   Thumb Code     2  startup_tm4c129.o(.text)
    SSI1_Handler                             0x00000307   Thumb Code     2  startup_tm4c129.o(.text)
    TIMER3A_Handler                          0x00000309   Thumb Code     2  startup_tm4c129.o(.text)
    TIMER3B_Handler                          0x0000030b   Thumb Code     2  startup_tm4c129.o(.text)
    I2C1_Handler                             0x0000030d   Thumb Code     2  startup_tm4c129.o(.text)
    CAN0_Handler                             0x0000030f   Thumb Code     2  startup_tm4c129.o(.text)
    CAN1_Handler                             0x00000311   Thumb Code     2  startup_tm4c129.o(.text)
    ETH_Handler                              0x00000313   Thumb Code     2  startup_tm4c129.o(.text)
    HIB_Handler                              0x00000315   Thumb Code     2  startup_tm4c129.o(.text)
    USB0_Handler                             0x00000317   Thumb Code     2  startup_tm4c129.o(.text)
    PWM0_3_Handler                           0x00000319   Thumb Code     2  startup_tm4c129.o(.text)
    UDMA_Handler                             0x0000031b   Thumb Code     2  startup_tm4c129.o(.text)
    UDMAERR_Handler                          0x0000031d   Thumb Code     2  startup_tm4c129.o(.text)
    ADC1SS0_Handler                          0x0000031f   Thumb Code     2  startup_tm4c129.o(.text)
    ADC1SS1_Handler                          0x00000321   Thumb Code     2  startup_tm4c129.o(.text)
    ADC1SS2_Handler                          0x00000323   Thumb Code     2  startup_tm4c129.o(.text)
    ADC1SS3_Handler                          0x00000325   Thumb Code     2  startup_tm4c129.o(.text)
    EBI0_Handler                             0x00000327   Thumb Code     2  startup_tm4c129.o(.text)
    GPIOJ_Handler                            0x00000329   Thumb Code     2  startup_tm4c129.o(.text)
    GPIOK_Handler                            0x0000032b   Thumb Code     2  startup_tm4c129.o(.text)
    GPIOL_Handler                            0x0000032d   Thumb Code     2  startup_tm4c129.o(.text)
    SSI2_Handler                             0x0000032f   Thumb Code     2  startup_tm4c129.o(.text)
    SSI3_Handler                             0x00000331   Thumb Code     2  startup_tm4c129.o(.text)
    UART3_Handler                            0x00000333   Thumb Code     2  startup_tm4c129.o(.text)
    UART4_Handler                            0x00000335   Thumb Code     2  startup_tm4c129.o(.text)
    UART5_Handler                            0x00000337   Thumb Code     2  startup_tm4c129.o(.text)
    UART6_Handler                            0x00000339   Thumb Code     2  startup_tm4c129.o(.text)
    UART7_Handler                            0x0000033b   Thumb Code     2  startup_tm4c129.o(.text)
    I2C2_Handler                             0x0000033d   Thumb Code     2  startup_tm4c129.o(.text)
    I2C3_Handler                             0x0000033f   Thumb Code     2  startup_tm4c129.o(.text)
    TIMER4A_Handler                          0x00000341   Thumb Code     2  startup_tm4c129.o(.text)
    TIMER4B_Handler                          0x00000343   Thumb Code     2  startup_tm4c129.o(.text)
    TIMER5A_Handler                          0x00000345   Thumb Code     2  startup_tm4c129.o(.text)
    TIMER5B_Handler                          0x00000347   Thumb Code     2  startup_tm4c129.o(.text)
    WTIMER0A_Handler                         0x00000349   Thumb Code     2  startup_tm4c129.o(.text)
    WTIMER0B_Handler                         0x0000034b   Thumb Code     2  startup_tm4c129.o(.text)
    WTIMER1A_Handler                         0x0000034d   Thumb Code     2  startup_tm4c129.o(.text)
    WTIMER1B_Handler                         0x0000034f   Thumb Code     2  startup_tm4c129.o(.text)
    WTIMER2A_Handler                         0x00000351   Thumb Code     2  startup_tm4c129.o(.text)
    WTIMER2B_Handler                         0x00000353   Thumb Code     2  startup_tm4c129.o(.text)
    WTIMER3A_Handler                         0x00000355   Thumb Code     2  startup_tm4c129.o(.text)
    WTIMER3B_Handler                         0x00000357   Thumb Code     2  startup_tm4c129.o(.text)
    WTIMER4A_Handler                         0x00000359   Thumb Code     2  startup_tm4c129.o(.text)
    WTIMER4B_Handler                         0x0000035b   Thumb Code     2  startup_tm4c129.o(.text)
    WTIMER5A_Handler                         0x0000035d   Thumb Code     2  startup_tm4c129.o(.text)
    WTIMER5B_Handler                         0x0000035f   Thumb Code     2  startup_tm4c129.o(.text)
    FPU_Handler                              0x00000361   Thumb Code     2  startup_tm4c129.o(.text)
    I2C4_Handler                             0x00000363   Thumb Code     2  startup_tm4c129.o(.text)
    I2C5_Handler                             0x00000365   Thumb Code     2  startup_tm4c129.o(.text)
    GPIOM_Handler                            0x00000367   Thumb Code     2  startup_tm4c129.o(.text)
    GPION_Handler                            0x00000369   Thumb Code     2  startup_tm4c129.o(.text)
    TAMPER_Handler                           0x0000036b   Thumb Code     2  startup_tm4c129.o(.text)
    GPIOP0_Handler                           0x0000036d   Thumb Code     2  startup_tm4c129.o(.text)
    GPIOP1_Handler                           0x0000036f   Thumb Code     2  startup_tm4c129.o(.text)
    GPIOP2_Handler                           0x00000371   Thumb Code     2  startup_tm4c129.o(.text)
    GPIOP3_Handler                           0x00000373   Thumb Code     2  startup_tm4c129.o(.text)
    GPIOP4_Handler                           0x00000375   Thumb Code     2  startup_tm4c129.o(.text)
    GPIOP5_Handler                           0x00000377   Thumb Code     2  startup_tm4c129.o(.text)
    GPIOP6_Handler                           0x00000379   Thumb Code     2  startup_tm4c129.o(.text)
    GPIOP7_Handler                           0x0000037b   Thumb Code     2  startup_tm4c129.o(.text)
    GPIOQ0_Handler                           0x0000037d   Thumb Code     2  startup_tm4c129.o(.text)
    GPIOQ1_Handler                           0x0000037f   Thumb Code     2  startup_tm4c129.o(.text)
    GPIOQ2_Handler                           0x00000381   Thumb Code     2  startup_tm4c129.o(.text)
    GPIOQ3_Handler                           0x00000383   Thumb Code     2  startup_tm4c129.o(.text)
    GPIOQ4_Handler                           0x00000385   Thumb Code     2  startup_tm4c129.o(.text)
    GPIOQ5_Handler                           0x00000387   Thumb Code     2  startup_tm4c129.o(.text)
    GPIOQ6_Handler                           0x00000389   Thumb Code     2  startup_tm4c129.o(.text)
    GPIOQ7_Handler                           0x0000038b   Thumb Code     2  startup_tm4c129.o(.text)
    GPIOR_Handler                            0x0000038d   Thumb Code     2  startup_tm4c129.o(.text)
    GPIOS_Handler                            0x0000038f   Thumb Code     2  startup_tm4c129.o(.text)
    SHAMD5_Handler                           0x00000391   Thumb Code     2  startup_tm4c129.o(.text)
    AES_Handler                              0x00000393   Thumb Code     2  startup_tm4c129.o(.text)
    DES3DES_Handler                          0x00000395   Thumb Code     2  startup_tm4c129.o(.text)
    LCDCONTROLLER_Handler                    0x00000397   Thumb Code     2  startup_tm4c129.o(.text)
    TIMER6A_Handler                          0x00000399   Thumb Code     2  startup_tm4c129.o(.text)
    TIMER6B_Handler                          0x0000039b   Thumb Code     2  startup_tm4c129.o(.text)
    TIMER7A_Handler                          0x0000039d   Thumb Code     2  startup_tm4c129.o(.text)
    TIMER7B_Handler                          0x0000039f   Thumb Code     2  startup_tm4c129.o(.text)
    I2C6_Handler                             0x000003a1   Thumb Code     2  startup_tm4c129.o(.text)
    I2C7_Handler                             0x000003a3   Thumb Code     2  startup_tm4c129.o(.text)
    HIMSCANKEYBOARD_Handler                  0x000003a5   Thumb Code     2  startup_tm4c129.o(.text)
    ONEWIRE_Handler                          0x000003a7   Thumb Code     2  startup_tm4c129.o(.text)
    HIMPS2_Handler                           0x000003a9   Thumb Code     2  startup_tm4c129.o(.text)
    HIMLEDSEQUENCER_Handler                  0x000003ab   Thumb Code     2  startup_tm4c129.o(.text)
    HIMCONSUMERIR_Handler                    0x000003ad   Thumb Code     2  startup_tm4c129.o(.text)
    I2C8_Handler                             0x000003af   Thumb Code     2  startup_tm4c129.o(.text)
    I2C9_Handler                             0x000003b1   Thumb Code     2  startup_tm4c129.o(.text)
    GPIOT_Handler                            0x000003b3   Thumb Code     2  startup_tm4c129.o(.text)
    __user_initial_stackheap                 0x000003b5   Thumb Code     0  startup_tm4c129.o(.text)
    __I$use$semihosting                      0x000003d5   Thumb Code     0  use_no_semi.o(.text)
    __use_no_semihosting_swi                 0x000003d5   Thumb Code     2  use_no_semi.o(.text)
    __2printf                                0x000003d9   Thumb Code    20  noretval__2printf.o(.text)
    __2sprintf                               0x000003f1   Thumb Code    34  noretval__2sprintf.o(.text)
    _printf_pre_padding                      0x00000419   Thumb Code    44  _printf_pad.o(.text)
    _printf_post_padding                     0x00000445   Thumb Code    34  _printf_pad.o(.text)
    _printf_int_dec                          0x00000469   Thumb Code   104  _printf_dec.o(.text)
    __printf                                 0x000004e1   Thumb Code   270  __printf_wp.o(.text)
    strlen                                   0x000005ef   Thumb Code    62  strlen.o(.text)
    __use_two_region_memory                  0x0000062d   Thumb Code     2  heapauxi.o(.text)
    __rt_heap_escrow$2region                 0x0000062f   Thumb Code     2  heapauxi.o(.text)
    __rt_heap_expand$2region                 0x00000631   Thumb Code     2  heapauxi.o(.text)
    _printf_int_common                       0x00000633   Thumb Code   178  _printf_intcommon.o(.text)
    _printf_char_common                      0x000006ef   Thumb Code    32  _printf_char_common.o(.text)
    _sputc                                   0x00000715   Thumb Code    10  _sputc.o(.text)
    _printf_char_file                        0x00000721   Thumb Code    32  _printf_char_file.o(.text)
    __user_libspace                          0x00000745   Thumb Code     8  libspace.o(.text)
    __user_perproc_libspace                  0x00000745   Thumb Code     0  libspace.o(.text)
    __user_perthread_libspace                0x00000745   Thumb Code     0  libspace.o(.text)
    __user_setup_stackheap                   0x0000074d   Thumb Code    74  sys_stackheap_outer.o(.text)
    exit                                     0x00000797   Thumb Code    12  exit.o(.text)
    ADC0SS3_Handler                          0x000007a5   Thumb Code    32  display e adc.o(i.ADC0SS3_Handler)
    ADC0_InitTimer0ATrigger                  0x000007d1   Thumb Code   364  adc.o(i.ADC0_InitTimer0ATrigger)
    Delay                                    0x0000095d   Thumb Code    20  display e adc.o(i.Delay)
    LCDConfig                                0x00000975   Thumb Code    52  display e adc.o(i.LCDConfig)
    LCD_COut                                 0x000009a9   Thumb Code    36  display e adc.o(i.LCD_COut)
    LCD_Cursor                               0x000009cd   Thumb Code    34  display e adc.o(i.LCD_Cursor)
    LCD_DATA                                 0x000009f1   Thumb Code   146  display e adc.o(i.LCD_DATA)
    LCD_E                                    0x00000a95   Thumb Code    34  display e adc.o(i.LCD_E)
    LCD_EX                                   0x00000ac1   Thumb Code    34  display e adc.o(i.LCD_EX)
    LCD_Limpa                                0x00000ae3   Thumb Code    22  display e adc.o(i.LCD_Limpa)
    LCD_Out                                  0x00000af9   Thumb Code    58  display e adc.o(i.LCD_Out)
    LCD_RS                                   0x00000b35   Thumb Code    34  display e adc.o(i.LCD_RS)
    LCD_RW                                   0x00000b61   Thumb Code    34  display e adc.o(i.LCD_RW)
    MainTask                                 0x00000b8d   Thumb Code    72  display e adc.o(i.MainTask)
    SER_Initialize                           0x00000bf1   Thumb Code   194  display e adc.o(i.SER_Initialize)
    SER_PutChar                              0x00000cc9   Thumb Code    22  display e adc.o(i.SER_PutChar)
    SetLoc                                   0x00000ce5   Thumb Code    46  display e adc.o(i.SetLoc)
    SysTick_Handler                          0x00000d15   Thumb Code    52  display e adc.o(i.SysTick_Handler)
    SystemInit                               0x00000d51   Thumb Code    20  system_tm4c129.o(i.SystemInit)
    UART0_Handler                            0x00000d71   Thumb Code    32  display e adc.o(i.UART0_Handler)
    _is_digit                                0x00000d99   Thumb Code    14  __printf_wp.o(i._is_digit)
    _sys_exit                                0x00000da7   Thumb Code     4  retarget.o(i._sys_exit)
    ferror                                   0x00000dab   Thumb Code     8  retarget.o(i.ferror)
    fputc                                    0x00000db3   Thumb Code    14  retarget.o(i.fputc)
    main                                     0x00000dc1   Thumb Code  1212  display e adc.o(i.main)
    _fp_init                                 0x0000127d   Thumb Code    10  fpinit.o(x$fpl$fpinit)
    __fplib_config_fpu_vfp                   0x00001285   Thumb Code     0  fpinit.o(x$fpl$fpinit)
    __fplib_config_pureend_doubles           0x00001285   Thumb Code     0  fpinit.o(x$fpl$fpinit)
    Region$$Table$$Base                      0x00001288   Number         0  anon$$obj.o(Region$$Table)
    Region$$Table$$Limit                     0x000012a8   Number         0  anon$$obj.o(Region$$Table)
    Valor                                    0x20000000   Data           4  display e adc.o(.data)
    msTicks                                  0x20000004   Data           4  display e adc.o(.data)
    TimerDownCnt                             0x20000008   Data           8  display e adc.o(.data)
    init                                     0x20000010   Data           1  display e adc.o(.data)
    NovoValor                                0x20000011   Data           1  display e adc.o(.data)
    Voltage                                  0x20000014   Data           4  display e adc.o(.data)
    AVoltage                                 0x20000018   Data           4  display e adc.o(.data)
    Counter                                  0x2000001c   Data           4  display e adc.o(.data)
    refresh                                  0x20000020   Data           1  display e adc.o(.data)
    SerialData                               0x20000021   Data           1  display e adc.o(.data)
    referencia                               0x20000024   Data           4  display e adc.o(.data)
    tela                                     0x20000028   Data           4  display e adc.o(.data)
    flow_frequency                           0x2000002c   Data           4  display e adc.o(.data)
    l_hour                                   0x20000030   Data           4  display e adc.o(.data)
    vazao                                    0x20000034   Data           4  display e adc.o(.data)
    S1                                       0x20000038   Data           4  display e adc.o(.data)
    S2                                       0x2000003c   Data           4  display e adc.o(.data)
    S3                                       0x20000040   Data           4  display e adc.o(.data)
    S4                                       0x20000044   Data           4  display e adc.o(.data)
    flow_time                                0x20000048   Data           4  display e adc.o(.data)
    currentTime                              0x2000004c   Data           4  display e adc.o(.data)
    __stdout                                 0x20000050   Data           4  retarget.o(.data)
    __stdin                                  0x20000054   Data           4  retarget.o(.data)
    SystemCoreClock                          0x20000058   Data           4  system_tm4c129.o(.data)
    __libspace_start                         0x2000005c   Data          96  libspace.o(.bss)
    __temporary_stack_top$libspace           0x200000bc   Data           0  libspace.o(.bss)



==============================================================================

Memory Map of the image

  Image Entry point : 0x000002a9

  Load Region LR_1 (Base: 0x00000000, Size: 0x00001304, Max: 0xffffffff, ABSOLUTE)

    Execution Region ER_RO (Base: 0x00000000, Size: 0x000012a8, Max: 0xffffffff, ABSOLUTE)

    Base Addr    Size         Type   Attr      Idx    E Section Name        Object

    0x00000000   0x00000200   Data   RO          303    RESET               startup_tm4c129.o
    0x00000200   0x00000008   Code   RO          392  * !!!main             c_w.l(__main.o)
    0x00000208   0x00000034   Code   RO          576    !!!scatter          c_w.l(__scatter.o)
    0x0000023c   0x0000001a   Code   RO          578    !!handler_copy      c_w.l(__scatter_copy.o)
    0x00000256   0x00000002   PAD
    0x00000258   0x0000001c   Code   RO          580    !!handler_zi        c_w.l(__scatter_zi.o)
    0x00000274   0x00000000   Code   RO          383    .ARM.Collect$$_printf_percent$$00000000  c_w.l(_printf_percent.o)
    0x00000274   0x00000006   Code   RO          382    .ARM.Collect$$_printf_percent$$00000009  c_w.l(_printf_d.o)
    0x0000027a   0x00000004   Code   RO          408    .ARM.Collect$$_printf_percent$$00000017  c_w.l(_printf_percent_end.o)
    0x0000027e   0x00000002   Code   RO          454    .ARM.Collect$$libinit$$00000000  c_w.l(libinit.o)
    0x00000280   0x00000004   Code   RO          459    .ARM.Collect$$libinit$$00000001  c_w.l(libinit2.o)
    0x00000284   0x00000000   Code   RO          462    .ARM.Collect$$libinit$$00000004  c_w.l(libinit2.o)
    0x00000284   0x00000000   Code   RO          465    .ARM.Collect$$libinit$$0000000A  c_w.l(libinit2.o)
    0x00000284   0x00000000   Code   RO          467    .ARM.Collect$$libinit$$0000000C  c_w.l(libinit2.o)
    0x00000284   0x00000000   Code   RO          469    .ARM.Collect$$libinit$$0000000E  c_w.l(libinit2.o)
    0x00000284   0x00000000   Code   RO          472    .ARM.Collect$$libinit$$00000011  c_w.l(libinit2.o)
    0x00000284   0x00000000   Code   RO          474    .ARM.Collect$$libinit$$00000013  c_w.l(libinit2.o)
    0x00000284   0x00000000   Code   RO          476    .ARM.Collect$$libinit$$00000015  c_w.l(libinit2.o)
    0x00000284   0x00000000   Code   RO          478    .ARM.Collect$$libinit$$00000017  c_w.l(libinit2.o)
    0x00000284   0x00000000   Code   RO          480    .ARM.Collect$$libinit$$00000019  c_w.l(libinit2.o)
    0x00000284   0x00000000   Code   RO          482    .ARM.Collect$$libinit$$0000001B  c_w.l(libinit2.o)
    0x00000284   0x00000000   Code   RO          484    .ARM.Collect$$libinit$$0000001D  c_w.l(libinit2.o)
    0x00000284   0x00000000   Code   RO          486    .ARM.Collect$$libinit$$0000001F  c_w.l(libinit2.o)
    0x00000284   0x00000000   Code   RO          488    .ARM.Collect$$libinit$$00000021  c_w.l(libinit2.o)
    0x00000284   0x00000000   Code   RO          490    .ARM.Collect$$libinit$$00000023  c_w.l(libinit2.o)
    0x00000284   0x00000000   Code   RO          492    .ARM.Collect$$libinit$$00000025  c_w.l(libinit2.o)
    0x00000284   0x00000000   Code   RO          496    .ARM.Collect$$libinit$$0000002C  c_w.l(libinit2.o)
    0x00000284   0x00000000   Code   RO          498    .ARM.Collect$$libinit$$0000002E  c_w.l(libinit2.o)
    0x00000284   0x00000000   Code   RO          500    .ARM.Collect$$libinit$$00000030  c_w.l(libinit2.o)
    0x00000284   0x00000000   Code   RO          502    .ARM.Collect$$libinit$$00000032  c_w.l(libinit2.o)
    0x00000284   0x00000002   Code   RO          503    .ARM.Collect$$libinit$$00000033  c_w.l(libinit2.o)
    0x00000286   0x00000002   Code   RO          521    .ARM.Collect$$libshutdown$$00000000  c_w.l(libshutdown.o)
    0x00000288   0x00000000   Code   RO          532    .ARM.Collect$$libshutdown$$00000003  c_w.l(libshutdown2.o)
    0x00000288   0x00000000   Code   RO          535    .ARM.Collect$$libshutdown$$00000006  c_w.l(libshutdown2.o)
    0x00000288   0x00000000   Code   RO          538    .ARM.Collect$$libshutdown$$00000009  c_w.l(libshutdown2.o)
    0x00000288   0x00000000   Code   RO          540    .ARM.Collect$$libshutdown$$0000000B  c_w.l(libshutdown2.o)
    0x00000288   0x00000000   Code   RO          543    .ARM.Collect$$libshutdown$$0000000E  c_w.l(libshutdown2.o)
    0x00000288   0x00000002   Code   RO          544    .ARM.Collect$$libshutdown$$0000000F  c_w.l(libshutdown2.o)
    0x0000028a   0x00000000   Code   RO          394    .ARM.Collect$$rtentry$$00000000  c_w.l(__rtentry.o)
    0x0000028a   0x00000000   Code   RO          415    .ARM.Collect$$rtentry$$00000002  c_w.l(__rtentry2.o)
    0x0000028a   0x00000006   Code   RO          427    .ARM.Collect$$rtentry$$00000004  c_w.l(__rtentry4.o)
    0x00000290   0x00000000   Code   RO          417    .ARM.Collect$$rtentry$$00000009  c_w.l(__rtentry2.o)
    0x00000290   0x00000004   Code   RO          418    .ARM.Collect$$rtentry$$0000000A  c_w.l(__rtentry2.o)
    0x00000294   0x00000000   Code   RO          420    .ARM.Collect$$rtentry$$0000000C  c_w.l(__rtentry2.o)
    0x00000294   0x00000008   Code   RO          421    .ARM.Collect$$rtentry$$0000000D  c_w.l(__rtentry2.o)
    0x0000029c   0x00000002   Code   RO          455    .ARM.Collect$$rtexit$$00000000  c_w.l(rtexit.o)
    0x0000029e   0x00000000   Code   RO          505    .ARM.Collect$$rtexit$$00000002  c_w.l(rtexit2.o)
    0x0000029e   0x00000004   Code   RO          506    .ARM.Collect$$rtexit$$00000003  c_w.l(rtexit2.o)
    0x000002a2   0x00000006   Code   RO          507    .ARM.Collect$$rtexit$$00000004  c_w.l(rtexit2.o)
    0x000002a8   0x0000012c   Code   RO          304  * .text               startup_tm4c129.o
    0x000003d4   0x00000002   Code   RO          346    .text               c_w.l(use_no_semi.o)
    0x000003d6   0x00000002   PAD
    0x000003d8   0x00000018   Code   RO          352    .text               c_w.l(noretval__2printf.o)
    0x000003f0   0x00000028   Code   RO          354    .text               c_w.l(noretval__2sprintf.o)
    0x00000418   0x0000004e   Code   RO          358    .text               c_w.l(_printf_pad.o)
    0x00000466   0x00000002   PAD
    0x00000468   0x00000078   Code   RO          360    .text               c_w.l(_printf_dec.o)
    0x000004e0   0x0000010e   Code   RO          370    .text               c_w.l(__printf_wp.o)
    0x000005ee   0x0000003e   Code   RO          388    .text               c_w.l(strlen.o)
    0x0000062c   0x00000006   Code   RO          390    .text               c_w.l(heapauxi.o)
    0x00000632   0x000000b2   Code   RO          400    .text               c_w.l(_printf_intcommon.o)
    0x000006e4   0x00000030   Code   RO          402    .text               c_w.l(_printf_char_common.o)
    0x00000714   0x0000000a   Code   RO          404    .text               c_w.l(_sputc.o)
    0x0000071e   0x00000002   PAD
    0x00000720   0x00000024   Code   RO          406    .text               c_w.l(_printf_char_file.o)
    0x00000744   0x00000008   Code   RO          411    .text               c_w.l(libspace.o)
    0x0000074c   0x0000004a   Code   RO          435    .text               c_w.l(sys_stackheap_outer.o)
    0x00000796   0x0000000c   Code   RO          447    .text               c_w.l(exit.o)
    0x000007a2   0x00000002   PAD
    0x000007a4   0x0000002c   Code   RO            4    i.ADC0SS3_Handler   display e adc.o
    0x000007d0   0x0000018c   Code   RO          199    i.ADC0_InitTimer0ATrigger  adc.o
    0x0000095c   0x00000018   Code   RO            5    i.Delay             display e adc.o
    0x00000974   0x00000034   Code   RO            6    i.LCDConfig         display e adc.o
    0x000009a8   0x00000024   Code   RO            7    i.LCD_COut          display e adc.o
    0x000009cc   0x00000022   Code   RO            8    i.LCD_Cursor        display e adc.o
    0x000009ee   0x00000002   PAD
    0x000009f0   0x000000a4   Code   RO            9    i.LCD_DATA          display e adc.o
    0x00000a94   0x0000002c   Code   RO           10    i.LCD_E             display e adc.o
    0x00000ac0   0x00000022   Code   RO           11    i.LCD_EX            display e adc.o
    0x00000ae2   0x00000016   Code   RO           12    i.LCD_Limpa         display e adc.o
    0x00000af8   0x0000003a   Code   RO           13    i.LCD_Out           display e adc.o
    0x00000b32   0x00000002   PAD
    0x00000b34   0x0000002c   Code   RO           14    i.LCD_RS            display e adc.o
    0x00000b60   0x0000002c   Code   RO           15    i.LCD_RW            display e adc.o
    0x00000b8c   0x00000064   Code   RO           16    i.MainTask          display e adc.o
    0x00000bf0   0x000000d8   Code   RO           18    i.SER_Initialize    display e adc.o
    0x00000cc8   0x0000001c   Code   RO           19    i.SER_PutChar       display e adc.o
    0x00000ce4   0x0000002e   Code   RO           20    i.SetLoc            display e adc.o
    0x00000d12   0x00000002   PAD
    0x00000d14   0x0000003c   Code   RO           22    i.SysTick_Handler   display e adc.o
    0x00000d50   0x00000020   Code   RO          312    i.SystemInit        system_tm4c129.o
    0x00000d70   0x00000028   Code   RO           23    i.UART0_Handler     display e adc.o
    0x00000d98   0x0000000e   Code   RO          372    i._is_digit         c_w.l(__printf_wp.o)
    0x00000da6   0x00000004   Code   RO          227    i._sys_exit         retarget.o
    0x00000daa   0x00000008   Code   RO          229    i.ferror            retarget.o
    0x00000db2   0x0000000e   Code   RO          231    i.fputc             retarget.o
    0x00000dc0   0x000004bc   Code   RO           25    i.main              display e adc.o
    0x0000127c   0x0000000a   Code   RO          513    x$fpl$fpinit        fz_wm.l(fpinit.o)
    0x00001286   0x00000002   PAD
    0x00001288   0x00000020   Data   RO          574    Region$$Table       anon$$obj.o


    Execution Region ER_RW (Base: 0x20000000, Size: 0x0000005c, Max: 0xffffffff, ABSOLUTE)

    Base Addr    Size         Type   Attr      Idx    E Section Name        Object

    0x20000000   0x00000050   Data   RW           26    .data               display e adc.o
    0x20000050   0x00000008   Data   RW          232    .data               retarget.o
    0x20000058   0x00000004   Data   RW          313    .data               system_tm4c129.o


    Execution Region ER_ZI (Base: 0x2000005c, Size: 0x00000264, Max: 0xffffffff, ABSOLUTE)

    Base Addr    Size         Type   Attr      Idx    E Section Name        Object

    0x2000005c   0x00000060   Zero   RW          412    .bss                c_w.l(libspace.o)
    0x200000bc   0x00000004   PAD
    0x200000c0   0x00000000   Zero   RW          302    HEAP                startup_tm4c129.o
    0x200000c0   0x00000200   Zero   RW          301    STACK               startup_tm4c129.o


==============================================================================

Image component sizes


      Code (inc. data)   RO Data    RW Data    ZI Data      Debug   Object Name

       396         32          0          0          0      54661   adc.o
      2302        332          0         80          0      72403   display e adc.o
        26          0          0          8          0       3607   retarget.o
       300         22        512          0        512       6100   startup_tm4c129.o
        32         12          0          4          0        907   system_tm4c129.o

    ----------------------------------------------------------------------
      3062        398        544         92        512     137678   Object Totals
         0          0         32          0          0          0   (incl. Generated)
         6          0          0          0          0          0   (incl. Padding)

    ----------------------------------------------------------------------

      Code (inc. data)   RO Data    RW Data    ZI Data      Debug   Library Member Name

         8          0          0          0          0         68   __main.o
       284          0          0          0          0        156   __printf_wp.o
         0          0          0          0          0          0   __rtentry.o
        12          0          0          0          0          0   __rtentry2.o
         6          0          0          0          0          0   __rtentry4.o
        52          8          0          0          0          0   __scatter.o
        26          0          0          0          0          0   __scatter_copy.o
        28          0          0          0          0          0   __scatter_zi.o
        48          6          0          0          0         96   _printf_char_common.o
        36          4          0          0          0         80   _printf_char_file.o
         6          0          0          0          0          0   _printf_d.o
       120         16          0          0          0         92   _printf_dec.o
       178          0          0          0          0         88   _printf_intcommon.o
        78          0          0          0          0        108   _printf_pad.o
         0          0          0          0          0          0   _printf_percent.o
         4          0          0          0          0          0   _printf_percent_end.o
        10          0          0          0          0         68   _sputc.o
        12          0          0          0          0         72   exit.o
         6          0          0          0          0        152   heapauxi.o
         2          0          0          0          0          0   libinit.o
         6          0          0          0          0          0   libinit2.o
         2          0          0          0          0          0   libshutdown.o
         2          0          0          0          0          0   libshutdown2.o
         8          4          0          0         96         68   libspace.o
        24          4          0          0          0         84   noretval__2printf.o
        40          6          0          0          0         84   noretval__2sprintf.o
         2          0          0          0          0          0   rtexit.o
        10          0          0          0          0          0   rtexit2.o
        62          0          0          0          0         76   strlen.o
        74          0          0          0          0         80   sys_stackheap_outer.o
         2          0          0          0          0         68   use_no_semi.o
        10          0          0          0          0        116   fpinit.o

    ----------------------------------------------------------------------
      1170         48          0          0        100       1556   Library Totals
        12          0          0          0          4          0   (incl. Padding)

    ----------------------------------------------------------------------

      Code (inc. data)   RO Data    RW Data    ZI Data      Debug   Library Name

      1148         48          0          0         96       1440   c_w.l
        10          0          0          0          0        116   fz_wm.l

    ----------------------------------------------------------------------
      1170         48          0          0        100       1556   Library Totals

    ----------------------------------------------------------------------

==============================================================================


      Code (inc. data)   RO Data    RW Data    ZI Data      Debug   

      4232        446        544         92        612     136858   Grand Totals
      4232        446        544         92        612     136858   ELF Image Totals
      4232        446        544         92          0          0   ROM Totals

==============================================================================

    Total RO  Size (Code + RO Data)                 4776 (   4.66kB)
    Total RW  Size (RW Data + ZI Data)               704 (   0.69kB)
    Total ROM Size (Code + RO Data + RW Data)       4868 (   4.75kB)

==============================================================================

