Component: ARM Compiler 5.05 update 1 (build 106) Tool: armlink [4d0efa]

==============================================================================

Section Cross References

    display e adc.o(i.ADC0SS3_Handler) refers to display e adc.o(.data) for Voltage
    display e adc.o(i.Delay) refers to display e adc.o(.data) for msTicks
    display e adc.o(i.LCDConfig) refers to display e adc.o(i.LCD_RS) for LCD_RS
    display e adc.o(i.LCDConfig) refers to display e adc.o(i.LCD_RW) for LCD_RW
    display e adc.o(i.LCDConfig) refers to display e adc.o(i.LCD_EX) for LCD_EX
    display e adc.o(i.LCDConfig) refers to display e adc.o(i.LCD_DATA) for LCD_DATA
    display e adc.o(i.LCDConfig) refers to display e adc.o(i.LCD_COut) for LCD_COut
    display e adc.o(i.LCDConfig) refers to display e adc.o(i.LCD_Cursor) for LCD_Cursor
    display e adc.o(i.LCDConfig) refers to display e adc.o(i.LCD_Limpa) for LCD_Limpa
    display e adc.o(i.LCD_COut) refers to display e adc.o(i.LCD_DATA) for LCD_DATA
    display e adc.o(i.LCD_COut) refers to display e adc.o(i.LCD_EX) for LCD_EX
    display e adc.o(i.LCD_Cursor) refers to display e adc.o(i.LCD_RS) for LCD_RS
    display e adc.o(i.LCD_Cursor) refers to display e adc.o(i.LCD_COut) for LCD_COut
    display e adc.o(i.LCD_EX) refers to display e adc.o(i.Delay) for Delay
    display e adc.o(i.LCD_EX) refers to display e adc.o(i.LCD_E) for LCD_E
    display e adc.o(i.LCD_Limpa) refers to display e adc.o(i.LCD_RS) for LCD_RS
    display e adc.o(i.LCD_Limpa) refers to display e adc.o(i.LCD_COut) for LCD_COut
    display e adc.o(i.LCD_Out) refers to strlen.o(.text) for strlen
    display e adc.o(i.LCD_Out) refers to display e adc.o(i.SetLoc) for SetLoc
    display e adc.o(i.LCD_Out) refers to display e adc.o(i.LCD_COut) for LCD_COut
    display e adc.o(i.MainTask) refers to display e adc.o(.data) for init
    display e adc.o(i.SetLoc) refers to display e adc.o(i.LCD_RS) for LCD_RS
    display e adc.o(i.SetLoc) refers to display e adc.o(i.LCD_COut) for LCD_COut
    display e adc.o(i.String2Int) refers to strcpy.o(.text) for strcpy
    display e adc.o(i.String2Int) refers to atoi.o(.text) for atoi
    display e adc.o(i.SysTick_Handler) refers to display e adc.o(i.MainTask) for MainTask
    display e adc.o(i.SysTick_Handler) refers to display e adc.o(.data) for msTicks
    display e adc.o(i.flow) refers to display e adc.o(.data) for flow_frequency
    display e adc.o(i.main) refers to _printf_percent.o(.ARM.Collect$$_printf_percent$$00000000) for _printf_percent
    display e adc.o(i.main) refers to _printf_f.o(.ARM.Collect$$_printf_percent$$00000003) for _printf_f
    display e adc.o(i.main) refers to printf1.o(x$fpl$printf1) for _printf_fp_dec
    display e adc.o(i.main) refers to _printf_pad.o(.text) for _printf_pre_padding
    display e adc.o(i.main) refers to _printf_d.o(.ARM.Collect$$_printf_percent$$00000009) for _printf_d
    display e adc.o(i.main) refers to _printf_dec.o(.text) for _printf_int_dec
    display e adc.o(i.main) refers to adc.o(i.ADC0_InitTimer0ATrigger) for ADC0_InitTimer0ATrigger
    display e adc.o(i.main) refers to display e adc.o(i.LCDConfig) for LCDConfig
    display e adc.o(i.main) refers to display e adc.o(i.Delay) for Delay
    display e adc.o(i.main) refers to display e adc.o(i.LCD_Limpa) for LCD_Limpa
    display e adc.o(i.main) refers to display e adc.o(i.LCD_Out) for LCD_Out
    display e adc.o(i.main) refers to f2d.o(x$fpl$f2d) for __aeabi_f2d
    display e adc.o(i.main) refers to noretval__2sprintf.o(.text) for __2sprintf
    display e adc.o(i.main) refers to dflt_clz.o(x$fpl$dflt) for __aeabi_i2d
    display e adc.o(i.main) refers to ddiv.o(x$fpl$ddiv) for __aeabi_ddiv
    display e adc.o(i.main) refers to dfix.o(x$fpl$dfix) for __aeabi_d2iz
    display e adc.o(i.main) refers to display e adc.o(.data) for init
    startup_tm4c129.o(STACK) refers (Special) to heapauxi.o(.text) for __use_two_region_memory
    startup_tm4c129.o(HEAP) refers (Special) to heapauxi.o(.text) for __use_two_region_memory
    startup_tm4c129.o(RESET) refers (Special) to heapauxi.o(.text) for __use_two_region_memory
    startup_tm4c129.o(RESET) refers to startup_tm4c129.o(STACK) for __initial_sp
    startup_tm4c129.o(RESET) refers to startup_tm4c129.o(.text) for Reset_Handler
    startup_tm4c129.o(RESET) refers to display e adc.o(i.SysTick_Handler) for SysTick_Handler
    startup_tm4c129.o(RESET) refers to display e adc.o(i.ADC0SS3_Handler) for ADC0SS3_Handler
    startup_tm4c129.o(.text) refers (Special) to heapauxi.o(.text) for __use_two_region_memory
    startup_tm4c129.o(.text) refers to system_tm4c129.o(i.SystemInit) for SystemInit
    startup_tm4c129.o(.text) refers to __main.o(!!!main) for __main
    startup_tm4c129.o(.text) refers to startup_tm4c129.o(HEAP) for Heap_Mem
    startup_tm4c129.o(.text) refers to startup_tm4c129.o(STACK) for Stack_Mem
[...]
    _printf_char_common.o(.text) refers to __printf_wp.o(.text) for __printf
    strtol.o(.text) refers to rt_ctype_table.o(.text) for __rt_ctype_table
    strtol.o(.text) refers to _strtoul.o(.text) for _strtoul
    strtol.o(.text) refers to rt_errno_addr_intlibspace.o(.text) for __aeabi_errno_addr
    dnaninf.o(x$fpl$dnaninf) refers (Special) to usenofp.o(x$fpl$usenofp) for __I$use$fp
    dretinf.o(x$fpl$dretinf) refers (Special) to usenofp.o(x$fpl$usenofp) for __I$use$fp
    fnaninf.o(x$fpl$fnaninf) refers (Special) to usenofp.o(x$fpl$usenofp) for __I$use$fp
    libspace.o(.text) refers to libspace.o(.bss) for __libspace_start
    __rtentry2.o(.ARM.Collect$$rtentry$$00000008) refers to boardinit2.o(.text) for _platform_post_stackheap_init
    __rtentry2.o(.ARM.Collect$$rtentry$$0000000A) refers to libinit.o(.ARM.Collect$$libinit$$00000000) for __rt_lib_init
    __rtentry2.o(.ARM.Collect$$rtentry$$0000000B) refers to boardinit3.o(.text) for _platform_post_lib_init
    __rtentry2.o(.ARM.Collect$$rtentry$$0000000D) refers to display e adc.o(i.main) for main
    __rtentry2.o(.ARM.Collect$$rtentry$$0000000D) refers to exit.o(.text) for exit
    __rtentry2.o(.ARM.exidx) refers to __rtentry2.o(.ARM.Collect$$rtentry$$00000001) for .ARM.Collect$$rtentry$$00000001
    __rtentry2.o(.ARM.exidx) refers to __rtentry2.o(.ARM.Collect$$rtentry$$00000008) for .ARM.Collect$$rtentry$$00000008
    __rtentry2.o(.ARM.exidx) refers to __rtentry2.o(.ARM.Collect$$rtentry$$0000000A) for .ARM.Collect$$rtentry$$0000000A
    __rtentry2.o(.ARM.exidx) refers to __rtentry2.o(.ARM.Collect$$rtentry$$0000000B) for .ARM.Collect$$rtentry$$0000000B
    __rtentry2.o(.ARM.exidx) refers to __rtentry2.o(.ARM.Collect$$rtentry$$0000000D) for .ARM.Collect$$rtentry$$0000000D
    __rtentry4.o(.ARM.Collect$$rtentry$$00000004) refers to sys_stackheap_outer.o(.text) for __user_setup_stackheap
    __rtentry4.o(.ARM.exidx) refers to __rtentry4.o(.ARM.Collect$$rtentry$$00000004) for .ARM.Collect$$rtentry$$00000004
    rt_ctype_table.o(.text) refers to rt_locale_intlibspace.o(.text) for __rt_locale
    rt_ctype_table.o(.text) refers to lc_ctype_c.o(locale$$code) for _get_lc_ctype
    rt_locale.o(.text) refers to rt_locale.o(.bss) for __rt_locale_data
    rt_locale_intlibspace.o(.text) refers to libspace.o(.bss) for __libspace_start
    _printf_fp_infnan.o(.text) refers (Weak) to _printf_pad.o(.text) for _printf_pre_padding
    _printf_fp_infnan.o(.text) refers (Weak) to _printf_pad.o(.text) for _printf_post_padding
    _strtoul.o(.text) refers to _chval.o(.text) for _chval
    _strtoul.o(.text) refers to rt_errno_addr_intlibspace.o(.text) for __aeabi_errno_addr
    bigflt0.o(.text) refers (Special) to usenofp.o(x$fpl$usenofp) for __I$use$fp
    bigflt0.o(.text) refers to btod.o(CL$$btod_emul) for _btod_emul
    bigflt0.o(.text) refers to btod.o(CL$$btod_ediv) for _btod_ediv
    bigflt0.o(.text) refers to bigflt0.o(.constdata) for .constdata
    bigflt0.o(.constdata) refers (Special) to usenofp.o(x$fpl$usenofp) for __I$use$fp
    btod.o(CL$$btod_d2e) refers (Special) to usenofp.o(x$fpl$usenofp) for __I$use$fp
    btod.o(CL$$btod_d2e) refers to btod.o(CL$$btod_d2e_norm_op1) for _d2e_norm_op1
    btod.o(CL$$btod_d2e_norm_op1) refers (Special) to usenofp.o(x$fpl$usenofp) for __I$use$fp
    btod.o(CL$$btod_d2e_norm_op1) refers to btod.o(CL$$btod_d2e_denorm_low) for _d2e_denorm_low
    btod.o(CL$$btod_d2e_denorm_low) refers (Special) to usenofp.o(x$fpl$usenofp) for __I$use$fp
    btod.o(CL$$btod_emul) refers (Special) to usenofp.o(x$fpl$usenofp) for __I$use$fp
    btod.o(CL$$btod_emul) refers to btod.o(CL$$btod_mult_common) for __btod_mult_common
    btod.o(CL$$btod_emul) refers to btod.o(CL$$btod_e2e) for _e2e
    btod.o(CL$$btod_ediv) refers (Special) to usenofp.o(x$fpl$usenofp) for __I$use$fp
    btod.o(CL$$btod_ediv) refers to btod.o(CL$$btod_div_common) for __btod_div_common
    btod.o(CL$$btod_ediv) refers to btod.o(CL$$btod_e2e) for _e2e
    btod.o(CL$$btod_emuld) refers (Special) to usenofp.o(x$fpl$usenofp) for __I$use$fp
    btod.o(CL$$btod_emuld) refers to btod.o(CL$$btod_mult_common) for __btod_mult_common
    btod.o(CL$$btod_emuld) refers to btod.o(CL$$btod_e2d) for _e2d
    btod.o(CL$$btod_edivd) refers (Special) to usenofp.o(x$fpl$usenofp) for __I$use$fp
    btod.o(CL$$btod_edivd) refers to btod.o(CL$$btod_div_common) for __btod_div_common
    btod.o(CL$$btod_edivd) refers to btod.o(CL$$btod_e2d) for _e2d
    btod.o(CL$$btod_e2e) refers (Special) to usenofp.o(x$fpl$usenofp) for __I$use$fp
    btod.o(CL$$btod_e2d) refers (Special) to usenofp.o(x$fpl$usenofp) for __I$use$fp
    btod.o(CL$$btod_e2d) refers to btod.o(CL$$btod_e2e) for _e2e
    btod.o(CL$$btod_mult_common) refers (Special) to usenofp.o(x$fpl$usenofp) for __I$use$fp
    btod.o(CL$$btod_div_common) refers (Special) to usenofp.o(x$fpl$usenofp) for __I$use$fp
    lc_numeric_c.o(locale$$data) refers (Special) to libinit2.o(.ARM.Collect$$libinit$$00000016) for __rt_lib_init_lc_numeric_2
    lc_numeric_c.o(locale$$code) refers (Special) to libinit2.o(.ARM.Collect$$libinit$$00000016) for __rt_lib_init_lc_numeric_2
    lc_numeric_c.o(locale$$code) refers to strcmpv7m.o(.text) for strcmp
    lc_numeric_c.o(locale$$code) refers to lc_numeric_c.o(locale$$data) for __lcnum_c_name
    istatus.o(x$fpl$ieeestatus) refers (Special) to usenofp.o(x$fpl$usenofp) for __I$use$fp
    fpclassify.o(i.__ARM_fpclassify) refers (Special) to usenofp.o(x$fpl$usenofp) for __I$use$fp
    sys_stackheap_outer.o(.text) refers to libspace.o(.text) for __user_perproc_libspace
    sys_stackheap_outer.o(.text) refers to startup_tm4c129.o(.text) for __user_initial_stackheap
    lc_ctype_c.o(locale$$data) refers (Special) to libinit2.o(.ARM.Collect$$libinit$$00000012) for __rt_lib_init_lc_ctype_2
    lc_ctype_c.o(locale$$code) refers (Special) to libinit2.o(.ARM.Collect$$libinit$$00000012) for __rt_lib_init_lc_ctype_2
    lc_ctype_c.o(locale$$code) refers to strcmpv7m.o(.text) for strcmp
    lc_ctype_c.o(locale$$code) refers to lc_ctype_c.o(locale$$data) for __lcctype_c_name
    exit.o(.text) refers to rtexit.o(.ARM.Collect$$rtexit$$00000000) for __rt_exit
    libinit.o(.ARM.Collect$$libinit$$00000000) refers (Special) to libinit2.o(.ARM.Collect$$libinit$$0000002E) for __rt_lib_init_alloca_1
    libinit.o(.ARM.Collect$$libinit$$00000000) refers (Special) to libinit2.o(.ARM.Collect$$libinit$$0000002C) for __rt_lib_init_argv_1
    libinit.o(.ARM.Collect$$libinit$$00000000) refers (Special) to libinit2.o(.ARM.Collect$$libinit$$0000001B) for __rt_lib_init_atexit_1
    libinit.o(.ARM.Collect$$libinit$$00000000) refers (Special) to libinit2.o(.ARM.Collect$$libinit$$00000021) for __rt_lib_init_clock_1
    libinit.o(.ARM.Collect$$libinit$$00000000) refers (Special) to libinit2.o(.ARM.Collect$$libinit$$00000032) for __rt_lib_init_cpp_1
    libinit.o(.ARM.Collect$$libinit$$00000000) refers (Special) to libinit2.o(.ARM.Collect$$libinit$$00000030) for __rt_lib_init_exceptions_1
    libinit.o(.ARM.Collect$$libinit$$00000000) refers (Special) to libinit2.o(.ARM.Collect$$libinit$$00000001) for __rt_lib_init_fp_1
    libinit.o(.ARM.Collect$$libinit$$00000000) refers (Special) to libinit2.o(.ARM.Collect$$libinit$$0000001F) for __rt_lib_init_fp_trap_1
    libinit.o(.ARM.Collect$$libinit$$00000000) refers (Special) to libinit2.o(.ARM.Collect$$libinit$$00000023) for __rt_lib_init_getenv_1
    libinit.o(.ARM.Collect$$libinit$$00000000) refers (Special) to libinit2.o(.ARM.Collect$$libinit$$0000000A) for __rt_lib_init_heap_1
    libinit.o(.ARM.Collect$$libinit$$00000000) refers (Special) to libinit2.o(.ARM.Collect$$libinit$$00000011) for __rt_lib_init_lc_collate_1
    libinit.o(.ARM.Collect$$libinit$$00000000) refers (Special) to libinit2.o(.ARM.Collect$$libinit$$00000013) for __rt_lib_init_lc_ctype_1
    libinit.o(.ARM.Collect$$libinit$$00000000) refers (Special) to libinit2.o(.ARM.Collect$$libinit$$00000015) for __rt_lib_init_lc_monetary_1
    libinit.o(.ARM.Collect$$libinit$$00000000) refers (Special) to libinit2.o(.ARM.Collect$$libinit$$00000017) for __rt_lib_init_lc_numeric_1
    libinit.o(.ARM.Collect$$libinit$$00000000) refers (Special) to libinit2.o(.ARM.Collect$$libinit$$00000019) for __rt_lib_init_lc_time_1
    libinit.o(.ARM.Collect$$libinit$$00000000) refers (Special) to libinit2.o(.ARM.Collect$$libinit$$00000004) for __rt_lib_init_preinit_1
    libinit.o(.ARM.Collect$$libinit$$00000000) refers (Special) to libinit2.o(.ARM.Collect$$libinit$$0000000E) for __rt_lib_init_rand_1
    libinit.o(.ARM.Collect$$libinit$$00000000) refers (Special) to libinit2.o(.ARM.Collect$$libinit$$00000033) for __rt_lib_init_return
    libinit.o(.ARM.Collect$$libinit$$00000000) refers (Special) to libinit2.o(.ARM.Collect$$libinit$$0000001D) for __rt_lib_init_signal_1
    libinit.o(.ARM.Collect$$libinit$$00000000) refers (Special) to libinit2.o(.ARM.Collect$$libinit$$00000025) for __rt_lib_init_stdio_1
    libinit.o(.ARM.Collect$$libinit$$00000000) refers (Special) to libinit2.o(.ARM.Collect$$libinit$$0000000C) for __rt_lib_init_user_alloc_1
    libinit2.o(.ARM.Collect$$libinit$$00000001) refers to fpinit.o(x$fpl$fpinit) for _fp_init
    libinit2.o(.ARM.Collect$$libinit$$0000000F) refers (Weak) to rt_locale_intlibspace.o(.text) for __rt_locale
    libinit2.o(.ARM.Collect$$libinit$$00000010) refers to libinit2.o(.ARM.Collect$$libinit$$0000000F) for .ARM.Collect$$libinit$$0000000F
    libinit2.o(.ARM.Collect$$libinit$$00000012) refers to libinit2.o(.ARM.Collect$$libinit$$0000000F) for .ARM.Collect$$libinit$$0000000F
    libinit2.o(.ARM.Collect$$libinit$$00000012) refers (Weak) to lc_ctype_c.o(locale$$code) for _get_lc_ctype
    libinit2.o(.ARM.Collect$$libinit$$00000014) refers to libinit2.o(.ARM.Collect$$libinit$$0000000F) for .ARM.Collect$$libinit$$0000000F
    libinit2.o(.ARM.Collect$$libinit$$00000016) refers to libinit2.o(.ARM.Collect$$libinit$$0000000F) for .ARM.Collect$$libinit$$0000000F
    libinit2.o(.ARM.Collect$$libinit$$00000016) refers (Weak) to lc_numeric_c.o(locale$$code) for _get_lc_numeric
    libinit2.o(.ARM.Collect$$libinit$$00000018) refers to libinit2.o(.ARM.Collect$$libinit$$0000000F) for .ARM.Collect$$libinit$$0000000F
    libinit2.o(.ARM.Collect$$libinit$$00000026) refers to argv_veneer.o(.emb_text) for __ARM_argv_veneer
    libinit2.o(.ARM.Collect$$libinit$$00000027) refers to argv_veneer.o(.emb_text) for __ARM_argv_veneer
    rtexit.o(.ARM.Collect$$rtexit$$00000000) refers (Special) to rtexit2.o(.ARM.Collect$$rtexit$$00000004) for __rt_exit_exit
    rtexit.o(.ARM.Collect$$rtexit$$00000000) refers (Special) to rtexit2.o(.ARM.Collect$$rtexit$$00000003) for __rt_exit_ls
    rtexit.o(.ARM.Collect$$rtexit$$00000000) refers (Special) to rtexit2.o(.ARM.Collect$$rtexit$$00000002) for __rt_exit_prels_1
    rtexit.o(.ARM.exidx) refers (Special) to rtexit2.o(.ARM.Collect$$rtexit$$00000004) for __rt_exit_exit
    rtexit.o(.ARM.exidx) refers (Special) to rtexit2.o(.ARM.Collect$$rtexit$$00000003) for __rt_exit_ls
    rtexit.o(.ARM.exidx) refers (Special) to rtexit2.o(.ARM.Collect$$rtexit$$00000002) for __rt_exit_prels_1
    rtexit.o(.ARM.exidx) refers to rtexit.o(.ARM.Collect$$rtexit$$00000000) for .ARM.Collect$$rtexit$$00000000
    argv_veneer.o(.emb_text) refers to no_argv.o(.text) for __ARM_get_argv
    rtexit2.o(.ARM.Collect$$rtexit$$00000003) refers to libshutdown.o(.ARM.Collect$$libshutdown$$00000000) for __rt_lib_shutdown
    rtexit2.o(.ARM.Collect$$rtexit$$00000004) refers to sys_exit.o(.text) for _sys_exit
    rtexit2.o(.ARM.exidx) refers to rtexit2.o(.ARM.Collect$$rtexit$$00000001) for .ARM.Collect$$rtexit$$00000001
    rtexit2.o(.ARM.exidx) refers to rtexit2.o(.ARM.Collect$$rtexit$$00000003) for .ARM.Collect$$rtexit$$00000003
    rtexit2.o(.ARM.exidx) refers to rtexit2.o(.ARM.Collect$$rtexit$$00000004) for .ARM.Collect$$rtexit$$00000004
    _get_argv_nomalloc.o(.text) refers (Special) to hrguard.o(.text) for __heap_region$guard
    _get_argv_nomalloc.o(.text) refers to defsig_rtmem_outer.o(.text) for __rt_SIGRTMEM
    _get_argv_nomalloc.o(.text) refers to sys_command.o(.text) for _sys_command_string
    sys_command.o(.text) refers (Special) to use_no_semi.o(.text) for __I$use$semihosting
    sys_command.o(.text) refers (Special) to indicate_semi.o(.text) for __semihosting_library_function
    sys_exit.o(.text) refers (Special) to use_no_semi.o(.text) for __I$use$semihosting
    sys_exit.o(.text) refers (Special) to indicate_semi.o(.text) for __semihosting_library_function
    defsig_rtmem_outer.o(.text) refers to defsig_rtmem_inner.o(.text) for __rt_SIGRTMEM_inner
    defsig_rtmem_outer.o(.text) refers to defsig_exit.o(.text) for __sig_exit
    defsig_rtmem_formal.o(.text) refers to rt_raise.o(.text) for __rt_raise
    libshutdown.o(.ARM.Collect$$libshutdown$$00000000) refers (Special) to libshutdown2.o(.ARM.Collect$$libshutdown$$00000006) for __rt_lib_shutdown_fp_trap_1
    libshutdown.o(.ARM.Collect$$libshutdown$$00000000) refers (Special) to libshutdown2.o(.ARM.Collect$$libshutdown$$0000000E) for __rt_lib_shutdown_heap_1
    libshutdown.o(.ARM.Collect$$libshutdown$$00000000) refers (Special) to libshutdown2.o(.ARM.Collect$$libshutdown$$0000000F) for __rt_lib_shutdown_return
    libshutdown.o(.ARM.Collect$$libshutdown$$00000000) refers (Special) to libshutdown2.o(.ARM.Collect$$libshutdown$$00000009) for __rt_lib_shutdown_signal_1
    libshutdown.o(.ARM.Collect$$libshutdown$$00000000) refers (Special) to libshutdown2.o(.ARM.Collect$$libshutdown$$00000003) for __rt_lib_shutdown_stdio_1
    libshutdown.o(.ARM.Collect$$libshutdown$$00000000) refers (Special) to libshutdown2.o(.ARM.Collect$$libshutdown$$0000000B) for __rt_lib_shutdown_user_alloc_1
    rt_raise.o(.text) refers to __raise.o(.text) for __raise
    rt_raise.o(.text) refers to sys_exit.o(.text) for _sys_exit
    defsig_exit.o(.text) refers to sys_exit.o(.text) for _sys_exit
    defsig_rtmem_inner.o(.text) refers to defsig_general.o(.text) for __default_signal_display
    __raise.o(.text) refers to defsig.o(CL$$defsig) for __default_signal_handler
    defsig_general.o(.text) refers to sys_wrch.o(.text) for _ttywrch
    sys_wrch.o(.text) refers (Special) to use_no_semi.o(.text) for __I$use$semihosting
    sys_wrch.o(.text) refers (Special) to indicate_semi.o(.text) for __semihosting_library_function
    defsig.o(CL$$defsig) refers to defsig_rtmem_inner.o(.text) for __rt_SIGRTMEM_inner
    defsig_abrt_inner.o(.text) refers to defsig_general.o(.text) for __default_signal_display
    defsig_fpe_inner.o(.text) refers to defsig_general.o(.text) for __default_signal_display
    defsig_rtred_inner.o(.text) refers to defsig_general.o(.text) for __default_signal_display
    defsig_stak_inner.o(.text) refers to defsig_general.o(.text) for __default_signal_display
    defsig_pvfn_inner.o(.text) refers to defsig_general.o(.text) for __default_signal_display
    defsig_cppl_inner.o(.text) refers to defsig_general.o(.text) for __default_signal_display
    defsig_segv_inner.o(.text) refers to defsig_general.o(.text) for __default_signal_display
    defsig_other.o(.text) refers to defsig_general.o(.text) for __default_signal_display


==============================================================================

Removing Unused input sections from the image.

    Removing display e adc.o(.rev16_text), (4 bytes).
    Removing display e adc.o(.revsh_text), (4 bytes).
    Removing display e adc.o(.rrx_text), (6 bytes).
    Removing display e adc.o(i.String2Int), (46 bytes).
    Removing display e adc.o(i.flow), (16 bytes).
    Removing adc.o(.rev16_text), (4 bytes).
    Removing adc.o(.revsh_text), (4 bytes).
    Removing adc.o(.rrx_text), (6 bytes).
    Removing system_tm4c129.o(.rev16_text), (4 bytes).
    Removing system_tm4c129.o(.revsh_text), (4 bytes).
    Removing system_tm4c129.o(.rrx_text), (6 bytes).
    Removing system_tm4c129.o(i.SystemCoreClockUpdate), (16 bytes).

12 unused section(s) (total 120 bytes) removed from the image.

==============================================================================

Image Symbol Table

    Local Symbols

    Symbol Name                              Value     Ov Type        Size  Object(Section)

    RESET                                    0x00000000   Section      512  startup_tm4c129.o(RESET)
    ../clib/angel/boardlib.s                 0x00000000   Number         0  boardinit1.o ABSOLUTE
    ../clib/angel/boardlib.s                 0x00000000   Number         0  boardinit2.o ABSOLUTE
    ../clib/angel/boardlib.s                 0x00000000   Number         0  boardinit3.o ABSOLUTE
    ../clib/angel/boardlib.s                 0x00000000   Number         0  boardshut.o ABSOLUTE
    ../clib/angel/handlers.s                 0x00000000   Number         0  __scatter_zi.o ABSOLUTE
    ../clib/angel/handlers.s                 0x00000000   Number         0  __scatter_copy.o ABSOLUTE
    ../clib/angel/kernel.s                   0x00000000   Number         0  rtexit.o ABSOLUTE
    ../clib/angel/kernel.s                   0x00000000   Number         0  __rtentry2.o ABSOLUTE
    ../clib/angel/kernel.s                   0x00000000   Number         0  __rtentry4.o ABSOLUTE
    ../clib/angel/kernel.s                   0x00000000   Number         0  __rtentry.o ABSOLUTE
    ../clib/angel/kernel.s                   0x00000000   Number         0  rtexit2.o ABSOLUTE
    ../clib/angel/rt.s                       0x00000000   Number         0  rt_raise.o ABSOLUTE
    ../clib/angel/rt.s                       0x00000000   Number         0  rt_locale_intlibspace.o ABSOLUTE
    ../clib/angel/rt.s                       0x00000000   Number         0  rt_errno_addr_intlibspace.o ABSOLUTE
    ../clib/angel/rt.s                       0x00000000   Number         0  rt_errno_addr.o ABSOLUTE
    ../clib/angel/rt.s                       0x00000000   Number         0  rt_ctype_table.o ABSOLUTE
    ../clib/angel/rt.s                       0x00000000   Number         0  rt_locale.o ABSOLUTE
    ../clib/angel/scatter.s                  0x00000000   Number         0  __scatter.o ABSOLUTE
    ../clib/angel/startup.s                  0x00000000   Number         0  __main.o ABSOLUTE
    ../clib/angel/sys.s                      0x00000000   Number         0  sys_stackheap_outer.o ABSOLUTE
    ../clib/angel/sys.s                      0x00000000   Number         0  libspace.o ABSOLUTE
    ../clib/angel/sys.s                      0x00000000   Number         0  indicate_semi.o ABSOLUTE
    ../clib/angel/sys.s                      0x00000000   Number         0  use_no_semi.o ABSOLUTE
    ../clib/angel/sysapp.c                   0x00000000   Number         0  sys_command.o ABSOLUTE
    ../clib/angel/sysapp.c                   0x00000000   Number         0  sys_wrch.o ABSOLUTE
    ../clib/angel/sysapp.c                   0x00000000   Number         0  sys_exit.o ABSOLUTE
    ../clib/armsys.c                         0x00000000   Number         0  argv_veneer.o ABSOLUTE
    ../clib/armsys.c                         0x00000000   Number         0  no_argv.o ABSOLUTE
    ../clib/armsys.c                         0x00000000   Number         0  argv_veneer.o ABSOLUTE
    ../clib/armsys.c                         0x00000000   Number         0  _get_argv_nomalloc.o ABSOLUTE
    ../clib/bigflt.c                         0x00000000   Number         0  bigflt0.o ABSOLUTE
    ../clib/btod.s                           0x00000000   Number         0  btod.o ABSOLUTE
    ../clib/heapalloc.c                      0x00000000   Number         0  hrguard.o ABSOLUTE
    ../clib/heapaux.c                        0x00000000   Number         0  heapauxi.o ABSOLUTE
    ../clib/libinit.s                        0x00000000   Number         0  libshutdown2.o ABSOLUTE
    ../clib/libinit.s                        0x00000000   Number         0  libshutdown.o ABSOLUTE
    ../clib/libinit.s                        0x00000000   Number         0  libinit2.o ABSOLUTE
    ../clib/libinit.s                        0x00000000   Number         0  libinit.o ABSOLUTE
    ../clib/locale.s                         0x00000000   Number         0  lc_numeric_c.o ABSOLUTE
    ../clib/locale.s                         0x00000000   Number         0  lc_ctype_c.o ABSOLUTE
    ../clib/longlong.s                       0x00000000   Number         0  lludiv10.o ABSOLUTE
    ../clib/memcpset.s                       0x00000000   Number         0  strcmpv7m.o ABSOLUTE
    ../clib/misc.s                           0x00000000   Number         0  printf_stubs.o ABSOLUTE
    ../clib/printf.c                         0x00000000   Number         0  __printf_nopercent.o ABSOLUTE
    ../clib/printf.c                         0x00000000   Number         0  _printf_fp_infnan.o ABSOLUTE
    ../clib/printf.c                         0x00000000   Number         0  _printf_intcommon.o ABSOLUTE
    ../clib/printf.c                         0x00000000   Number         0  _printf_dec.o ABSOLUTE
    ../clib/printf.c                         0x00000000   Number         0  __printf_flags.o ABSOLUTE
    ../clib/printf.c                         0x00000000   Number         0  __printf_flags_ss_wp.o ABSOLUTE
    ../clib/printf.c                         0x00000000   Number         0  __printf_ss.o ABSOLUTE
    ../clib/printf.c                         0x00000000   Number         0  _sputc.o ABSOLUTE
    ../clib/printf.c                         0x00000000   Number         0  __printf_flags_ss.o ABSOLUTE
    ../clib/printf.c                         0x00000000   Number         0  __printf_wp.o ABSOLUTE
    ../clib/printf.c                         0x00000000   Number         0  __printf_ss_wp.o ABSOLUTE
    ../clib/printf.c                         0x00000000   Number         0  _printf_char_common.o ABSOLUTE
    ../clib/printf.c                         0x00000000   Number         0  _printf_pad.o ABSOLUTE
    ../clib/printf.c                         0x00000000   Number         0  __printf_flags_wp.o ABSOLUTE
    ../clib/printf.c                         0x00000000   Number         0  noretval__2sprintf.o ABSOLUTE
    ../clib/printf.c                         0x00000000   Number         0  __2sprintf.o ABSOLUTE
    ../clib/printf.c                         0x00000000   Number         0  _printf_fp_dec.o ABSOLUTE
    ../clib/printf.c                         0x00000000   Number         0  __printf.o ABSOLUTE
    ../clib/printf_percent.s                 0x00000000   Number         0  _printf_percent.o ABSOLUTE
    ../clib/printf_percent.s                 0x00000000   Number         0  _printf_d.o ABSOLUTE
    ../clib/printf_percent.s                 0x00000000   Number         0  _printf_f.o ABSOLUTE
    ../clib/printf_percent.s                 0x00000000   Number         0  _printf_percent_end.o ABSOLUTE
    ../clib/scanf.c                          0x00000000   Number         0  atoi.o ABSOLUTE
    ../clib/scanf.c                          0x00000000   Number         0  _chval.o ABSOLUTE
    ../clib/scanf.c                          0x00000000   Number         0  strtol.o ABSOLUTE
    ../clib/scanf.c                          0x00000000   Number         0  _strtoul.o ABSOLUTE
    ../clib/signal.c                         0x00000000   Number         0  defsig_rtmem_formal.o ABSOLUTE
    ../clib/signal.c                         0x00000000   Number         0  defsig_rtmem_outer.o ABSOLUTE
    ../clib/signal.c                         0x00000000   Number         0  defsig_general.o ABSOLUTE
    ../clib/signal.c                         0x00000000   Number         0  defsig_abrt_inner.o ABSOLUTE
    ../clib/signal.c                         0x00000000   Number         0  defsig_fpe_inner.o ABSOLUTE
    ../clib/signal.c                         0x00000000   Number         0  defsig_other.o ABSOLUTE
    ../clib/signal.c                         0x00000000   Number         0  defsig_cppl_inner.o ABSOLUTE
    ../clib/signal.c                         0x00000000   Number         0  __raise.o ABSOLUTE
    ../clib/signal.c                         0x00000000   Number         0  defsig_rtmem_inner.o ABSOLUTE
    ../clib/signal.c                         0x00000000   Number         0  defsig_rtred_inner.o ABSOLUTE
    ../clib/signal.c                         0x00000000   Number         0  defsig_exit.o ABSOLUTE
    ../clib/signal.c                         0x00000000   Number         0  defsig_stak_inner.o ABSOLUTE
    ../clib/signal.c                         0x00000000   Number         0  defsig_pvfn_inner.o ABSOLUTE
    ../clib/signal.c                         0x00000000   Number         0  defsig_segv_inner.o ABSOLUTE
    ../clib/signal.s                         0x00000000   Number         0  defsig.o ABSOLUTE
    ../clib/stdlib.c                         0x00000000   Number         0  exit.o ABSOLUTE
    ../clib/string.c                         0x00000000   Number         0  strlen.o ABSOLUTE
    ../clib/string.c                         0x00000000   Number         0  strcpy.o ABSOLUTE
    ../fplib/ddiv.s                          0x00000000   Number         0  ddiv.o ABSOLUTE
    ../fplib/dfix.s                          0x00000000   Number         0  dfix.o ABSOLUTE
    ../fplib/dflt.s                          0x00000000   Number         0  dflt_clz.o ABSOLUTE
    ../fplib/dnaninf.s                       0x00000000   Number         0  dnaninf.o ABSOLUTE
    ../fplib/dretinf.s                       0x00000000   Number         0  dretinf.o ABSOLUTE
    ../fplib/f2d.s                           0x00000000   Number         0  f2d.o ABSOLUTE
    ../fplib/fnaninf.s                       0x00000000   Number         0  fnaninf.o ABSOLUTE
    ../fplib/fpinit.s                        0x00000000   Number         0  fpinit.o ABSOLUTE
    ../fplib/istatus.s                       0x00000000   Number         0  istatus.o ABSOLUTE
    ../fplib/printf1.s                       0x00000000   Number         0  printf1.o ABSOLUTE
    ../fplib/usenofp.s                       0x00000000   Number         0  usenofp.o ABSOLUTE
    ../mathlib/fpclassify.c                  0x00000000   Number         0  fpclassify.o ABSOLUTE
    ADC.c                                    0x00000000   Number         0  adc.o ABSOLUTE
    ADC.c                                    0x00000000   Number         0  adc.o ABSOLUTE
    Display e ADC.c                          0x00000000   Number         0  display e adc.o ABSOLUTE
    Display e ADC.c                          0x00000000   Number         0  display e adc.o ABSOLUTE
    RTE\Device\TM4C1294NCPDT\startup_TM4C129.s 0x00000000   Number         0  startup_tm4c129.o ABSOLUTE
    RTE\Device\TM4C1294NCPDT\system_tm4c129.c 0x00000000   Number         0  system_tm4c129.o ABSOLUTE
    RTE\\Device\\TM4C1294NCPDT\\system_tm4c129.c 0x00000000   Number         0  system_tm4c129.o ABSOLUTE
    dc.s                                     0x00000000   Number         0  dc.o ABSOLUTE
    !!!main                                  0x00000200   Section        8  __main.o(!!!main)
    !!!scatter                               0x00000208   Section       52  __scatter.o(!!!scatter)
    !!handler_copy                           0x0000023c   Section       26  __scatter_copy.o(!!handler_copy)
    !!handler_zi                             0x00000258   Section       28  __scatter_zi.o(!!handler_zi)
    .ARM.Collect$$_printf_percent$$00000000  0x00000274   Section        0  _printf_percent.o(.ARM.Collect$$_printf_percent$$00000000)
    .ARM.Collect$$_printf_percent$$00000003  0x00000274   Section        6  _printf_f.o(.ARM.Collect$$_printf_percent$$00000003)
    .ARM.Collect$$_printf_percent$$00000009  0x0000027a   Section        6  _printf_d.o(.ARM.Collect$$_printf_percent$$00000009)
    .ARM.Collect$$_printf_percent$$00000017  0x00000280   Section        4  _printf_percent_end.o(.ARM.Collect$$_printf_percent$$00000017)
    .ARM.Collect$$libinit$$00000000          0x00000284   Section        2  libinit.o(.ARM.Collect$$libinit$$00000000)
    .ARM.Collect$$libinit$$00000001          0x00000286   Section        4  libinit2.o(.ARM.Collect$$libinit$$00000001)
    .ARM.Collect$$libinit$$00000004          0x0000028a   Section        0  libinit2.o(.ARM.Collect$$libinit$$00000004)
    .ARM.Collect$$libinit$$0000000A          0x0000028a   Section        0  libinit2.o(.ARM.Collect$$libinit$$0000000A)
    .ARM.Collect$$libinit$$0000000C          0x0000028a   Section        0  libinit2.o(.ARM.Collect$$libinit$$0000000C)
    .ARM.Collect$$libinit$$0000000E          0x0000028a   Section        0  libinit2.o(.ARM.Collect$$libinit$$0000000E)
    .ARM.Collect$$libinit$$0000000F          0x0000028a   Section        6  libinit2.o(.ARM.Collect$$libinit$$0000000F)
    .ARM.Collect$$libinit$$00000011          0x00000290   Section        0  libinit2.o(.ARM.Collect$$libinit$$00000011)
    .ARM.Collect$$libinit$$00000013          0x00000290   Section        0  libinit2.o(.ARM.Collect$$libinit$$00000013)
    .ARM.Collect$$libinit$$00000015          0x00000290   Section        0  libinit2.o(.ARM.Collect$$libinit$$00000015)
    .ARM.Collect$$libinit$$00000016          0x00000290   Section       10  libinit2.o(.ARM.Collect$$libinit$$00000016)
    .ARM.Collect$$libinit$$00000017          0x0000029a   Section        0  libinit2.o(.ARM.Collect$$libinit$$00000017)
    .ARM.Collect$$libinit$$00000019          0x0000029a   Section        0  libinit2.o(.ARM.Collect$$libinit$$00000019)
    .ARM.Collect$$libinit$$0000001B          0x0000029a   Section        0  libinit2.o(.ARM.Collect$$libinit$$0000001B)
    .ARM.Collect$$libinit$$0000001D          0x0000029a   Section        0  libinit2.o(.ARM.Collect$$libinit$$0000001D)
    .ARM.Collect$$libinit$$0000001F          0x0000029a   Section        0  libinit2.o(.ARM.Collect$$libinit$$0000001F)
    .ARM.Collect$$libinit$$00000021          0x0000029a   Section        0  libinit2.o(.ARM.Collect$$libinit$$00000021)
    .ARM.Collect$$libinit$$00000023          0x0000029a   Section        0  libinit2.o(.ARM.Collect$$libinit$$00000023)
    .ARM.Collect$$libinit$$00000025          0x0000029a   Section        0  libinit2.o(.ARM.Collect$$libinit$$00000025)
    .ARM.Collect$$libinit$$0000002C          0x0000029a   Section        0  libinit2.o(.ARM.Collect$$libinit$$0000002C)
    .ARM.Collect$$libinit$$0000002E          0x0000029a   Section        0  libinit2.o(.ARM.Collect$$libinit$$0000002E)
    .ARM.Collect$$libinit$$00000030          0x0000029a   Section        0  libinit2.o(.ARM.Collect$$libinit$$00000030)
    .ARM.Collect$$libinit$$00000032          0x0000029a   Section        0  libinit2.o(.ARM.Collect$$libinit$$00000032)
    .ARM.Collect$$libinit$$00000033          0x0000029a   Section        2  libinit2.o(.ARM.Collect$$libinit$$00000033)
    .ARM.Collect$$libshutdown$$00000000      0x0000029c   Section        2  libshutdown.o(.ARM.Collect$$libshutdown$$00000000)
    .ARM.Collect$$libshutdown$$00000003      0x0000029e   Section        0  libshutdown2.o(.ARM.Collect$$libshutdown$$00000003)
    .ARM.Collect$$libshutdown$$00000006      0x0000029e   Section        0  libshutdown2.o(.ARM.Collect$$libshutdown$$00000006)
    .ARM.Collect$$libshutdown$$00000009      0x0000029e   Section        0  libshutdown2.o(.ARM.Collect$$libshutdown$$00000009)
    .ARM.Collect$$libshutdown$$0000000B      0x0000029e   Section        0  libshutdown2.o(.ARM.Collect$$libshutdown$$0000000B)
    .ARM.Collect$$libshutdown$$0000000E      0x0000029e   Section        0  libshutdown2.o(.ARM.Collect$$libshutdown$$0000000E)
    .ARM.Collect$$libshutdown$$0000000F      0x0000029e   Section        2  libshutdown2.o(.ARM.Collect$$libshutdown$$0000000F)
    .ARM.Collect$$rtentry$$00000000          0x000002a0   Section        0  __rtentry.o(.ARM.Collect$$rtentry$$00000000)
    .ARM.Collect$$rtentry$$00000002          0x000002a0   Section        0  __rtentry2.o(.ARM.Collect$$rtentry$$00000002)
    .ARM.Collect$$rtentry$$00000004          0x000002a0   Section        6  __rtentry4.o(.ARM.Collect$$rtentry$$00000004)
    .ARM.Collect$$rtentry$$00000009          0x000002a6   Section        0  __rtentry2.o(.ARM.Collect$$rtentry$$00000009)
    .ARM.Collect$$rtentry$$0000000A          0x000002a6   Section        4  __rtentry2.o(.ARM.Collect$$rtentry$$0000000A)
    .ARM.Collect$$rtentry$$0000000C          0x000002aa   Section        0  __rtentry2.o(.ARM.Collect$$rtentry$$0000000C)
    .ARM.Collect$$rtentry$$0000000D          0x000002aa   Section        8  __rtentry2.o(.ARM.Collect$$rtentry$$0000000D)
    .ARM.Collect$$rtexit$$00000000           0x000002b2   Section        2  rtexit.o(.ARM.Collect$$rtexit$$00000000)
    .ARM.Collect$$rtexit$$00000002           0x000002b4   Section        0  rtexit2.o(.ARM.Collect$$rtexit$$00000002)
    .ARM.Collect$$rtexit$$00000003           0x000002b4   Section        4  rtexit2.o(.ARM.Collect$$rtexit$$00000003)
    .ARM.Collect$$rtexit$$00000004           0x000002b8   Section        6  rtexit2.o(.ARM.Collect$$rtexit$$00000004)
    .text                                    0x000002c0   Section      300  startup_tm4c129.o(.text)
    $v0                                      0x000002c0   Number         0  startup_tm4c129.o(.text)
    .text                                    0x000003ec   Section        0  noretval__2sprintf.o(.text)
    .text                                    0x00000414   Section        0  _printf_pad.o(.text)
    .text                                    0x00000464   Section        0  _printf_dec.o(.text)
    .text                                    0x000004dc   Section        0  __printf_wp.o(.text)
    .text                                    0x000005ea   Section        0  strlen.o(.text)
    .text                                    0x00000628   Section        0  heapauxi.o(.text)
    .text                                    0x0000062e   Section        0  _printf_intcommon.o(.text)
    .text                                    0x000006e0   Section        0  _printf_fp_dec.o(.text)
    _fp_digits                               0x000006e3   Thumb Code   428  _printf_fp_dec.o(.text)
    .text                                    0x00000afc   Section        0  _printf_char_common.o(.text)
    _printf_input_char                       0x00000afd   Thumb Code    10  _printf_char_common.o(.text)
    .text                                    0x00000b2c   Section        0  _sputc.o(.text)
    .text                                    0x00000b38   Section        8  libspace.o(.text)
    .text                                    0x00000b40   Section        8  rt_locale_intlibspace.o(.text)
    .text                                    0x00000b48   Section      138  lludiv10.o(.text)
    .text                                    0x00000bd4   Section        0  _printf_fp_infnan.o(.text)
    .text                                    0x00000c54   Section        0  bigflt0.o(.text)
    .text                                    0x00000d30   Section       74  sys_stackheap_outer.o(.text)
    .text                                    0x00000d7a   Section        0  exit.o(.text)
    .text                                    0x00000d88   Section      128  strcmpv7m.o(.text)
    .text                                    0x00000e08   Section        0  sys_exit.o(.text)
    .text                                    0x00000e14   Section        2  use_no_semi.o(.text)
    .text                                    0x00000e16   Section        0  indicate_semi.o(.text)
    CL$$btod_d2e                             0x00000e16   Section       62  btod.o(CL$$btod_d2e)
    CL$$btod_d2e_denorm_low                  0x00000e54   Section       70  btod.o(CL$$btod_d2e_denorm_low)
    CL$$btod_d2e_norm_op1                    0x00000e9a   Section       96  btod.o(CL$$btod_d2e_norm_op1)
    CL$$btod_div_common                      0x00000efa   Section      824  btod.o(CL$$btod_div_common)
    CL$$btod_e2e                             0x00001232   Section      198  btod.o(CL$$btod_e2e)
    CL$$btod_ediv                            0x000012f8   Section       40  btod.o(CL$$btod_ediv)
    CL$$btod_emul                            0x00001320   Section       40  btod.o(CL$$btod_emul)
    CL$$btod_mult_common                     0x00001348   Section      580  btod.o(CL$$btod_mult_common)
    i.ADC0SS3_Handler                        0x0000158c   Section        0  display e adc.o(i.ADC0SS3_Handler)
    i.ADC0_InitTimer0ATrigger                0x000015b8   Section        0  adc.o(i.ADC0_InitTimer0ATrigger)
    i.Delay                                  0x00001744   Section        0  display e adc.o(i.Delay)
    i.LCDConfig                              0x0000175c   Section        0  display e adc.o(i.LCDConfig)
    i.LCD_COut                               0x00001790   Section        0  display e adc.o(i.LCD_COut)
    i.LCD_Cursor                             0x000017b4   Section        0  display e adc.o(i.LCD_Cursor)
    i.LCD_DATA                               0x000017d8   Section        0  display e adc.o(i.LCD_DATA)
    i.LCD_E                                  0x0000187c   Section        0  display e adc.o(i.LCD_E)
    i.LCD_EX                                 0x000018a8   Section        0  display e adc.o(i.LCD_EX)
    i.LCD_Limpa                              0x000018ca   Section        0  display e adc.o(i.LCD_Limpa)
    i.LCD_Out                                0x000018e0   Section        0  display e adc.o(i.LCD_Out)
    i.LCD_RS                                 0x0000191c   Section        0  display e adc.o(i.LCD_RS)
    i.LCD_RW                                 0x00001948   Section        0  display e adc.o(i.LCD_RW)
    i.MainTask                               0x00001974   Section        0  display e adc.o(i.MainTask)
    i.SetLoc                                 0x000019d8   Section        0  display e adc.o(i.SetLoc)
    i.SysTick_Handler                        0x00001a08   Section        0  display e adc.o(i.SysTick_Handler)
    i.SystemInit                             0x00001a44   Section        0  system_tm4c129.o(i.SystemInit)
    i.__ARM_fpclassify                       0x00001a64   Section        0  fpclassify.o(i.__ARM_fpclassify)
    i._is_digit                              0x00001a94   Section        0  __printf_wp.o(i._is_digit)
    i.main                                   0x00001aa4   Section        0  display e adc.o(i.main)
    locale$$code                             0x00001eb8   Section       44  lc_numeric_c.o(locale$$code)
    x$fpl$ddiv                               0x00001ee4   Section      688  ddiv.o(x$fpl$ddiv)
    $v0                                      0x00001ee4   Number         0  ddiv.o(x$fpl$ddiv)
    ddiv_entry                               0x00001eeb   Thumb Code     0  ddiv.o(x$fpl$ddiv)
    x$fpl$dfix                               0x00002194   Section       94  dfix.o(x$fpl$dfix)
    $v0                                      0x00002194   Number         0  dfix.o(x$fpl$dfix)
    x$fpl$dflt                               0x000021f2   Section       46  dflt_clz.o(x$fpl$dflt)
    $v0                                      0x000021f2   Number         0  dflt_clz.o(x$fpl$dflt)
    x$fpl$dnaninf                            0x00002220   Section      156  dnaninf.o(x$fpl$dnaninf)
    $v0                                      0x00002220   Number         0  dnaninf.o(x$fpl$dnaninf)
    x$fpl$dretinf                            0x000022bc   Section       12  dretinf.o(x$fpl$dretinf)
    $v0                                      0x000022bc   Number         0  dretinf.o(x$fpl$dretinf)
    x$fpl$f2d                                0x000022c8   Section       86  f2d.o(x$fpl$f2d)
    $v0                                      0x000022c8   Number         0  f2d.o(x$fpl$f2d)
    x$fpl$fnaninf                            0x0000231e   Section      140  fnaninf.o(x$fpl$fnaninf)
    $v0                                      0x0000231e   Number         0  fnaninf.o(x$fpl$fnaninf)
    x$fpl$fpinit                             0x000023aa   Section       10  fpinit.o(x$fpl$fpinit)
    $v0                                      0x000023aa   Number         0  fpinit.o(x$fpl$fpinit)
    x$fpl$printf1                            0x000023b4   Section        4  printf1.o(x$fpl$printf1)
    $v0                                      0x000023b4   Number         0  printf1.o(x$fpl$printf1)
    .constdata                               0x000023b8   Section      148  bigflt0.o(.constdata)
    x$fpl$usenofp                            0x000023b8   Section        0  usenofp.o(x$fpl$usenofp)
    tenpwrs_x                                0x000023b8   Data          60  bigflt0.o(.constdata)
    tenpwrs_i                                0x000023f4   Data          64  bigflt0.o(.constdata)
    locale$$data                             0x0000246c   Section       28  lc_numeric_c.o(locale$$data)
    __lcnum_c_name                           0x00002470   Data           2  lc_numeric_c.o(locale$$data)
    __lcnum_c_start                          0x00002478   Data           0  lc_numeric_c.o(locale$$data)
    __lcnum_c_point                          0x00002484   Data           0  lc_numeric_c.o(locale$$data)
    __lcnum_c_thousands                      0x00002486   Data           0  lc_numeric_c.o(locale$$data)
    __lcnum_c_grouping                       0x00002487   Data           0  lc_numeric_c.o(locale$$data)
    __lcnum_c_end                            0x00002488   Data           0  lc_numeric_c.o(locale$$data)
    .data                                    0x20000000   Section       60  display e adc.o(.data)
    .data                                    0x2000003c   Section        4  system_tm4c129.o(.data)
    .bss                                     0x20000040   Section       96  libspace.o(.bss)
    HEAP                                     0x200000a0   Section        0  startup_tm4c129.o(HEAP)
    STACK                                    0x200000a0   Section      512  startup_tm4c129.o(STACK)
    Heap_Mem                                 0x200000a0   Data           0  startup_tm4c129.o(HEAP)
    Stack_Mem                                0x200000a0   Data         512  startup_tm4c129.o(STACK)
    __initial_sp                             0x200002a0   Data           0  startup_tm4c129.o(STACK)

    Global Symbols

    Symbol Name                              Value     Ov Type        Size  Object(Section)

    BuildAttributes$$THM_ISAv4$E$P$D$K$B$S$7EM$VFPi3$EXTD16$VFPS$VFMA$PE$A:L22UL41UL21$X:L11$S22US41US21$IEEE1$IW$USESV6$~STKCKD$USESV7$~SHL$OTIME$ROPI$IEEEJ$EBA8$UX$STANDARDLIB$REQ8$PRES8$EABIv2 0x00000000   Number         0  anon$$obj.o ABSOLUTE
    __ARM_use_no_argv                        0x00000000   Number         0  display e adc.o ABSOLUTE
    __Vectors                                0x00000000   Data           4  startup_tm4c129.o(RESET)
    _printf_flags                            0x00000000   Number         0  printf_stubs.o ABSOLUTE
    _printf_return_value                     0x00000000   Number         0  printf_stubs.o ABSOLUTE
    _printf_sizespec                         0x00000000   Number         0  printf_stubs.o ABSOLUTE
    _printf_widthprec                        0x00000000   Number         0  printf_stubs.o ABSOLUTE
    __ARM_exceptions_init                     - Undefined Weak Reference
    __alloca_initialize                       - Undefined Weak Reference
    __arm_preinit_                            - Undefined Weak Reference
    __cpp_initialize__aeabi_                  - Undefined Weak Reference
    __cxa_finalize                            - Undefined Weak Reference
    __sigvec_lookup                           - Undefined Weak Reference
    _atexit_init                              - Undefined Weak Reference
    _call_atexit_fns                          - Undefined Weak Reference
    _clock_init                               - Undefined Weak Reference
    _fp_trap_init                             - Undefined Weak Reference
    _fp_trap_shutdown                         - Undefined Weak Reference
    _get_lc_collate                           - Undefined Weak Reference
    _get_lc_monetary                          - Undefined Weak Reference
    _get_lc_time                              - Undefined Weak Reference
    _getenv_init                              - Undefined Weak Reference
    _handle_redirection                       - Undefined Weak Reference
    _init_alloc                               - Undefined Weak Reference
    _init_user_alloc                          - Undefined Weak Reference
    _initio                                   - Undefined Weak Reference
    _printf_truncate_signed                   - Undefined Weak Reference
    _printf_truncate_unsigned                 - Undefined Weak Reference
    _rand_init                                - Undefined Weak Reference
    _signal_finish                            - Undefined Weak Reference
    _signal_init                              - Undefined Weak Reference
    _terminate_alloc                          - Undefined Weak Reference
    _terminate_user_alloc                     - Undefined Weak Reference
    _terminateio                              - Undefined Weak Reference
    __Vectors_End                            0x00000200   Data           0  startup_tm4c129.o(RESET)
    __Vectors_Size                           0x00000200   Number         0  startup_tm4c129.o ABSOLUTE
    __main                                   0x00000201   Thumb Code     8  __main.o(!!!main)
    __scatterload                            0x00000209   Thumb Code     0  __scatter.o(!!!scatter)
    __scatterload_rt2                        0x00000209   Thumb Code    44  __scatter.o(!!!scatter)
    __scatterload_rt2_thumb_only             0x00000209   Thumb Code     0  __scatter.o(!!!scatter)
    __scatterload_null                       0x00000217   Thumb Code     0  __scatter.o(!!!scatter)
    __scatterload_copy                       0x0000023d   Thumb Code    26  __scatter_copy.o(!!handler_copy)
    __scatterload_zeroinit                   0x00000259   Thumb Code    28  __scatter_zi.o(!!handler_zi)
    _printf_f                                0x00000275   Thumb Code     0  _printf_f.o(.ARM.Collect$$_printf_percent$$00000003)
    _printf_percent                          0x00000275   Thumb Code     0  _printf_percent.o(.ARM.Collect$$_printf_percent$$00000000)
    _printf_d                                0x0000027b   Thumb Code     0  _printf_d.o(.ARM.Collect$$_printf_percent$$00000009)
    _printf_percent_end                      0x00000281   Thumb Code     0  _printf_percent_end.o(.ARM.Collect$$_printf_percent$$00000017)
    __rt_lib_init                            0x00000285   Thumb Code     0  libinit.o(.ARM.Collect$$libinit$$00000000)
    __rt_lib_init_fp_1                       0x00000287   Thumb Code     0  libinit2.o(.ARM.Collect$$libinit$$00000001)
    __rt_lib_init_heap_1                     0x0000028b   Thumb Code     0  libinit2.o(.ARM.Collect$$libinit$$0000000A)
    __rt_lib_init_lc_common                  0x0000028b   Thumb Code     0  libinit2.o(.ARM.Collect$$libinit$$0000000F)
    __rt_lib_init_preinit_1                  0x0000028b   Thumb Code     0  libinit2.o(.ARM.Collect$$libinit$$00000004)
    __rt_lib_init_rand_1                     0x0000028b   Thumb Code     0  libinit2.o(.ARM.Collect$$libinit$$0000000E)
    __rt_lib_init_user_alloc_1               0x0000028b   Thumb Code     0  libinit2.o(.ARM.Collect$$libinit$$0000000C)
    __rt_lib_init_lc_collate_1               0x00000291   Thumb Code     0  libinit2.o(.ARM.Collect$$libinit$$00000011)
    __rt_lib_init_lc_ctype_1                 0x00000291   Thumb Code     0  libinit2.o(.ARM.Collect$$libinit$$00000013)
    __rt_lib_init_lc_monetary_1              0x00000291   Thumb Code     0  libinit2.o(.ARM.Collect$$libinit$$00000015)
    __rt_lib_init_lc_numeric_2               0x00000291   Thumb Code     0  libinit2.o(.ARM.Collect$$libinit$$00000016)
    __rt_lib_init_alloca_1                   0x0000029b   Thumb Code     0  libinit2.o(.ARM.Collect$$libinit$$0000002E)
    __rt_lib_init_argv_1                     0x0000029b   Thumb Code     0  libinit2.o(.ARM.Collect$$libinit$$0000002C)
    __rt_lib_init_atexit_1                   0x0000029b   Thumb Code     0  libinit2.o(.ARM.Collect$$libinit$$0000001B)
    __rt_lib_init_clock_1                    0x0000029b   Thumb Code     0  libinit2.o(.ARM.Collect$$libinit$$00000021)
    __rt_lib_init_cpp_1                      0x0000029b   Thumb Code     0  libinit2.o(.ARM.Collect$$libinit$$00000032)
    __rt_lib_init_exceptions_1               0x0000029b   Thumb Code     0  libinit2.o(.ARM.Collect$$libinit$$00000030)
    __rt_lib_init_fp_trap_1                  0x0000029b   Thumb Code     0  libinit2.o(.ARM.Collect$$libinit$$0000001F)
    __rt_lib_init_getenv_1                   0x0000029b   Thumb Code     0  libinit2.o(.ARM.Collect$$libinit$$00000023)
    __rt_lib_init_lc_numeric_1               0x0000029b   Thumb Code     0  libinit2.o(.ARM.Collect$$libinit$$00000017)
    __rt_lib_init_lc_time_1                  0x0000029b   Thumb Code     0  libinit2.o(.ARM.Collect$$libinit$$00000019)
    __rt_lib_init_return                     0x0000029b   Thumb Code     0  libinit2.o(.ARM.Collect$$libinit$$00000033)
    __rt_lib_init_signal_1                   0x0000029b   Thumb Code     0  libinit2.o(.ARM.Collect$$libinit$$0000001D)
    __rt_lib_init_stdio_1                    0x0000029b   Thumb Code     0  libinit2.o(.ARM.Collect$$libinit$$00000025)
    __rt_lib_shutdown                        0x0000029d   Thumb Code     0  libshutdown.o(.ARM.Collect$$libshutdown$$00000000)
    __rt_lib_shutdown_fp_trap_1              0x0000029f   Thumb Code     0  libshutdown2.o(.ARM.Collect$$libshutdown$$00000006)
    __rt_lib_shutdown_heap_1                 0x0000029f   Thumb Code     0  libshutdown2.o(.ARM.Collect$$libshutdown$$0000000E)
    __rt_lib_shutdown_return                 0x0000029f   Thumb Code     0  libshutdown2.o(.ARM.Collect$$libshutdown$$0000000F)
    __rt_lib_shutdown_signal_1               0x0000029f   Thumb Code     0  libshutdown2.o(.ARM.Collect$$libshutdown$$00000009)
    __rt_lib_shutdown_stdio_1                0x0000029f   Thumb Code     0  libshutdown2.o(.ARM.Collect$$libshutdown$$00000003)
    __rt_lib_shutdown_user_alloc_1           0x0000029f   Thumb Code     0  libshutdown2.o(.ARM.Collect$$libshutdown$$0000000B)
    __rt_entry                               0x000002a1   Thumb Code     0  __rtentry.o(.ARM.Collect$$rtentry$$00000000)
    __rt_entry_presh_1                       0x000002a1   Thumb Code     0  __rtentry2.o(.ARM.Collect$$rtentry$$00000002)
    __rt_entry_sh                            0x000002a1   Thumb Code     0  __rtentry4.o(.ARM.Collect$$rtentry$$00000004)
    __rt_entry_li                            0x000002a7   Thumb Code     0  __rtentry2.o(.ARM.Collect$$rtentry$$0000000A)
    __rt_entry_postsh_1                      0x000002a7   Thumb Code     0  __rtentry2.o(.ARM.Collect$$rtentry$$00000009)
    __rt_entry_main                          0x000002ab   Thumb Code     0  __rtentry2.o(.ARM.Collect$$rtentry$$0000000D)
    __rt_entry_postli_1                      0x000002ab   Thumb Code     0  __rtentry2.o(.ARM.Collect$$rtentry$$0000000C)
    __rt_exit                                0x000002b3   Thumb Code     0  rtexit.o(.ARM.Collect$$rtexit$$00000000)
    __rt_exit_ls                             0x000002b5   Thumb Code     0  rtexit2.o(.ARM.Collect$$rtexit$$00000003)
    __rt_exit_prels_1                        0x000002b5   Thumb Code     0  rtexit2.o(.ARM.Collect$$rtexit$$00000002)
    __rt_exit_exit                           0x000002b9   Thumb Code     0  rtexit2.o(.ARM.Collect$$rtexit$$00000004)
    Reset_Handler                            0x000002c1   Thumb Code     8  startup_tm4c129.o(.text)
    NMI_Handler                              0x000002c9   Thumb Code     2  startup_tm4c129.o(.text)
    HardFault_Handler                        0x000002cb   Thumb Code     2  startup_tm4c129.o(.text)
    MemManage_Handler                        0x000002cd   Thumb Code     2  startup_tm4c129.o(.text)
    BusFault_Handler                         0x000002cf   Thumb Code     2  startup_tm4c129.o(.text)
    UsageFault_Handler                       0x000002d1   Thumb Code     2  startup_tm4c129.o(.text)
    SVC_Handler                              0x000002d3   Thumb Code     2  startup_tm4c129.o(.text)
    DebugMon_Handler                         0x000002d5   Thumb Code     2  startup_tm4c129.o(.text)
    PendSV_Handler                           0x000002d7   Thumb Code     2  startup_tm4c129.o(.text)
    GPIOA_Handler                            0x000002db   Thumb Code     2  startup_tm4c129.o(.text)
    GPIOB_Handler                            0x000002dd   Thumb Code     2  startup_tm4c129.o(.text)
    GPIOC_Handler                            0x000002df   Thumb Code     2  startup_tm4c129.o(.text)
    GPIOD_Handler                            0x000002e1   Thumb Code     2  startup_tm4c129.o(.text)
    GPIOE_Handler                            0x000002e3   Thumb Code     2  startup_tm4c129.o(.text)
    UART0_Handler                            0x000002e5   Thumb Code     2  startup_tm4c129.o(.text)
    UART1_Handler                            0x000002e7   Thumb Code     2  startup_tm4c129.o(.text)
    SSI0_Handler                             0x000002e9   Thumb Code     2  startup_tm4c129.o(.text)
    I2C0_Handler                             0x000002eb   Thumb Code     2  startup_tm4c129.o(.text)
    PMW0_FAULT_Handler                       0x000002ed   Thumb Code     2  startup_tm4c129.o(.text)
    PWM0_0_Handler                           0x000002ef   Thumb Code     2  startup_tm4c129.o(.text)
    PWM0_1_Handler                           0x000002f1   Thumb Code     2  startup_tm4c129.o(.text)
    PWM0_2_Handler                           0x000002f3   Thumb Code     2  startup_tm4c129.o(.text)
    QEI0_Handler                             0x000002f5   Thumb Code     2  startup_tm4c129.o(.text)
    ADC0SS0_Handler                          0x000002f7   Thumb Code     2  startup_tm4c129.o(.text)
    ADC0SS1_Handler                          0x000002f9   Thumb Code     2  startup_tm4c129.o(.text)
    ADC0SS2_Handler                          0x000002fb   Thumb Code     2  startup_tm4c129.o(.text)
    WDT0_Handler                             0x000002ff   Thumb Code     2  startup_tm4c129.o(.text)
    TIMER0A_Handler                          0x00000301   Thumb Code     2  startup_tm4c129.o(.text)
    TIMER0B_Handler                          0x00000303   Thumb Code     2  startup_tm4c129.o(.text)
    TIMER1A_Handler                          0x00000305   Thumb Code     2  startup_tm4c129.o(.text)
    TIMER1B_Handler                          0x00000307   Thumb Code     2  startup_tm4c129.o(.text)
    TIMER2A_Handler                          0x00000309   Thumb Code     2  startup_tm4c129.o(.text)
    TIMER2B_Handler                          0x0000030b   Thumb Code     2  startup_tm4c129.o(.text)
    COMP0_Handler                            0x0000030d   Thumb Code     2  startup_tm4c129.o(.text)
    COMP1_Handler                            0x0000030f   Thumb Code     2  startup_tm4c129.o(.text)
    COMP2_Handler                            0x00000311   Thumb Code     2  startup_tm4c129.o(.text)
    SYSCTL_Handler                           0x00000313   Thumb Code     2  startup_tm4c129.o(.text)
    FLASH_Handler                            0x00000315   Thumb Code     2  startup_tm4c129.o(.text)
    GPIOF_Handler                            0x00000317   Thumb Code     2  startup_tm4c129.o(.text)
    GPIOG_Handler                            0x00000319   Thumb Code     2  startup_tm4c129.o(.text)
    GPIOH_Handler                            0x0000031b   Thumb Code     2  startup_tm4c129.o(.text)
    UART2_Handler                            0x0000031d   Thumb Code     2  startup_tm4c129.o(.text)
    SSI1_Handler                             0x0000031f   Thumb Code     2  startup_tm4c129.o(.text)
    TIMER3A_Handler                          0x00000321   Thumb Code     2  startup_tm4c129.o(.text)
    TIMER3B_Handler                          0x00000323   Thumb Code     2  startup_tm4c129.o(.text)
    I2C1_Handler                             0x00000325   Thumb Code     2  startup_tm4c129.o(.text)
    CAN0_Handler                             0x00000327   Thumb Code     2  startup_tm4c129.o(.text)
    CAN1_Handler                             0x00000329   Thumb Code     2  startup_tm4c129.o(.text)
    ETH_Handler                              0x0000032b   Thumb Code     2  startup_tm4c129.o(.text)
    HIB_Handler                              0x0000032d   Thumb Code     2  startup_tm4c129.o(.text)
    USB0_Handler                             0x0000032f   Thumb Code     2  startup_tm4c129.o(.text)
    PWM0_3_Handler                           0x00000331   Thumb Code     2  startup_tm4c129.o(.text)
    UDMA_Handler                             0x00000333   Thumb Code     2  startup_tm4c129.o(.text)
    UDMAERR_Handler                          0x00000335   Thumb Code     2  startup_tm4c129.o(.text)
    ADC1SS0_Handler                          0x00000337   Thumb Code     2  startup_tm4c129.o(.text)
    ADC1SS1_Handler                          0x00000339   Thumb Code     2  startup_tm4c129.o(.text)
    ADC1SS2_Handler                          0x0000033b   Thumb Code     2  startup_tm4c129.o(.text)
    ADC1SS3_Handler                          0x0000033d   Thumb Code     2  startup_tm4c129.o(.text)
    EBI0_Handler                             0x0000033f   Thumb Code     2  startup_tm4c129.o(.text)
    GPIOJ_Handler                            0x00000341   Thumb Code     2  startup_tm4c129.o(.text)
    GPIOK_Handler                            0x00000343   Thumb Code     2  startup_tm4c129.o(.text)
    GPIOL_Handler                            0x00000345   Thumb Code     2  startup_tm4c129.o(.text)
    SSI2_Handler                             0x00000347   Thumb Code     2  startup_tm4c129.o(.text)
    SSI3_Handler                             0x00000349   Thumb Code     2  startup_tm4c129.o(.text)
    UART3_Handler                            0x0000034b   Thumb Code     2  startup_tm4c129.o(.text)
    UART4_Handler                            0x0000034d   Thumb Code     2  startup_tm4c129.o(.text)
    UART5_Handler                            0x0000034f   Thumb Code     2  startup_tm4c129.o(.text)
    UART6_Handler                            0x00000351   Thumb Code     2  startup_tm4c129.o(.text)
    UART7_Handler                            0x00000353   Thumb Code     2  startup_tm4c129.o(.text)
    I2C2_Handler                             0x00000355   Thumb Code     2  startup_tm4c129.o(.text)
    I2C3_Handler                             0x00000357   Thumb Code     2  startup_tm4c129.o(.text)
    TIMER4A_Handler                          0x00000359   Thumb Code     2  startup_tm4c129.o(.text)
    TIMER4B_Handler                          0x0000035b   Thumb Code     2  startup_tm4c129.o(.text)
    TIMER5A_Handler                          0x0000035d   Thumb Code     2  startup_tm4c129.o(.text)
    TIMER5B_Handler                          0x0000035f   Thumb Code     2  startup_tm4c129.o(.text)
    WTIMER0A_Handler                         0x00000361   Thumb Code     2  startup_tm4c129.o(.text)
    WTIMER0B_Handler                         0x00000363   Thumb Code     2  startup_tm4c129.o(.text)
    WTIMER1A_Handler                         0x00000365   Thumb Code     2  startup_tm4c129.o(.text)
    WTIMER1B_Handler                         0x00000367   Thumb Code     2  startup_tm4c129.o(.text)
    WTIMER2A_Handler                         0x00000369   Thumb Code     2  startup_tm4c129.o(.text)
    WTIMER2B_Handler                         0x0000036b   Thumb Code     2  startup_tm4c129.o(.text)
    WTIMER3A_Handler                         0x0000036d   Thumb Code     2  startup_tm4c129.o(.text)
    WTIMER3B_Handler                         0x0000036f   Thumb Code     2  startup_tm4c129.o(.text)
    WTIMER4A_Handler                         0x00000371   Thumb Code     2  startup_tm4c129.o(.text)
    WTIMER4B_Handler                         0x00000373   Thumb Code     2  startup_tm4c129.o(.text)
    WTIMER5A_Handler                         0x00000375   Thumb Code     2  startup_tm4c129.o(.text)
    WTIMER5B_Handler                         0x00000377   Thumb Code     2  startup_tm4c129.o(.text)
    FPU_Handler                              0x00000379   Thumb Code     2  startup_tm4c129.o(.text)
    I2C4_Handler                             0x0000037b   Thumb Code     2  startup_tm4c129.o(.text)
    I2C5_Handler                             0x0000037d   Thumb Code     2  startup_tm4c129.o(.text)
    GPIOM_Handler                            0x0000037f   Thumb Code     2  startup_tm4c129.o(.text)
    GPION_Handler                            0x00000381   Thumb Code     2  startup_tm4c129.o(.text)
    TAMPER_Handler                           0x00000383   Thumb Code     2  startup_tm4c129.o(.text)
    GPIOP0_Handler                           0x00000385   Thumb Code     2  startup_tm4c129.o(.text)
    GPIOP1_Handler                           0x00000387   Thumb Code     2  startup_tm4c129.o(.text)
    GPIOP2_Handler                           0x00000389   Thumb Code     2  startup_tm4c129.o(.text)
    GPIOP3_Handler                           0x0000038b   Thumb Code     2  startup_tm4c129.o(.text)
    GPIOP4_Handler                           0x0000038d   Thumb Code     2  startup_tm4c129.o(.text)
    GPIOP5_Handler                           0x0000038f   Thumb Code     2  startup_tm4c129.o(.text)
    GPIOP6_Handler                           0x00000391   Thumb Code     2  startup_tm4c129.o(.text)
    GPIOP7_Handler                           0x00000393   Thumb Code     2  startup_tm4c129.o(.text)
    GPIOQ0_Handler                           0x00000395   Thumb Code     2  startup_tm4c129.o(.text)
    GPIOQ1_Handler                           0x00000397   Thumb Code     2  startup_tm4c129.o(.text)
    GPIOQ2_Handler                           0x00000399   Thumb Code     2  startup_tm4c129.o(.text)
    GPIOQ3_Handler                           0x0000039b   Thumb Code     2  startup_tm4c129.o(.text)
    GPIOQ4_Handler                           0x0000039d   Thumb Code     2  startup_tm4c129.o(.text)
    GPIOQ5_Handler                           0x0000039f   Thumb Code     2  startup_tm4c129.o(.text)
    GPIOQ6_Handler                           0x000003a1   Thumb Code     2  startup_tm4c129.o(.text)
    GPIOQ7_Handler                           0x000003a3   Thumb Code     2  startup_tm4c129.o(.text)
    GPIOR_Handler                            0x000003a5   Thumb Code     2  startup_tm4c129.o(.text)
    GPIOS_Handler                            0x000003a7   Thumb Code     2  startup_tm4c129.o(.text)
    SHAMD5_Handler                           0x000003a9   Thumb Code     2  startup_tm4c129.o(.text)
    AES_Handler                              0x000003ab   Thumb Code     2  startup_tm4c129.o(.text)
    DES3DES_Handler                          0x000003ad   Thumb Code     2  startup_tm4c129.o(.text)
    LCDCONTROLLER_Handler                    0x000003af   Thumb Code     2  startup_tm4c129.o(.text)
    TIMER6A_Handler                          0x000003b1   Thumb Code     2  startup_tm4c129.o(.text)
    TIMER6B_Handler                          0x000003b3   Thumb Code     2  startup_tm4c129.o(.text)
    TIMER7A_Handler                          0x000003b5   Thumb Code     2  startup_tm4c129.o(.text)
    TIMER7B_Handler                          0x000003b7   Thumb Code     2  startup_tm4c129.o(.text)
    I2C6_Handler                             0x000003b9   Thumb Code     2  startup_tm4c129.o(.text)
    I2C7_Handler                             0x000003bb   Thumb Code     2  startup_tm4c129.o(.text)
    HIMSCANKEYBOARD_Handler                  0x000003bd   Thumb Code     2  startup_tm4c129.o(.text)
    ONEWIRE_Handler                          0x000003bf   Thumb Code     2  startup_tm4c129.o(.text)
    HIMPS2_Handler                           0x000003c1   Thumb Code     2  startup_tm4c129.o(.text)
    HIMLEDSEQUENCER_Handler                  0x000003c3   Thumb Code     2  startup_tm4c129.o(.text)
    HIMCONSUMERIR_Handler                    0x000003c5   Thumb Code     2  startup_tm4c129.o(.text)
    I2C8_Handler                             0x000003c7   Thumb Code     2  startup_tm4c129.o(.text)
    I2C9_Handler                             0x000003c9   Thumb Code     2  startup_tm4c129.o(.text)
    GPIOT_Handler                            0x000003cb   Thumb Code     2  startup_tm4c129.o(.text)
    __user_initial_stackheap                 0x000003cd   Thumb Code     0  startup_tm4c129.o(.text)
    __2sprintf                               0x000003ed   Thumb Code    34  noretval__2sprintf.o(.text)
    _printf_pre_padding                      0x00000415   Thumb Code    44  _printf_pad.o(.text)
    _printf_post_padding                     0x00000441   Thumb Code    34  _printf_pad.o(.text)
    _printf_int_dec                          0x00000465   Thumb Code   104  _printf_dec.o(.text)
    __printf                                 0x000004dd   Thumb Code   270  __printf_wp.o(.text)
    strlen                                   0x000005eb   Thumb Code    62  strlen.o(.text)
    __use_two_region_memory                  0x00000629   Thumb Code     2  heapauxi.o(.text)
    __rt_heap_escrow$2region                 0x0000062b   Thumb Code     2  heapauxi.o(.text)
    __rt_heap_expand$2region                 0x0000062d   Thumb Code     2  heapauxi.o(.text)
    _printf_int_common                       0x0000062f   Thumb Code   178  _printf_intcommon.o(.text)
    __lib_sel_fp_printf                      0x000006e1   Thumb Code     2  _printf_fp_dec.o(.text)
    _printf_fp_dec_real                      0x0000088f   Thumb Code   620  _printf_fp_dec.o(.text)
    _printf_char_common                      0x00000b07   Thumb Code    32  _printf_char_common.o(.text)
    _sputc                                   0x00000b2d   Thumb Code    10  _sputc.o(.text)
    __user_libspace                          0x00000b39   Thumb Code     8  libspace.o(.text)
    __user_perproc_libspace                  0x00000b39   Thumb Code     0  libspace.o(.text)
    __user_perthread_libspace                0x00000b39   Thumb Code     0  libspace.o(.text)
    __rt_locale                              0x00000b41   Thumb Code     8  rt_locale_intlibspace.o(.text)
    _ll_udiv10                               0x00000b49   Thumb Code   138  lludiv10.o(.text)
    _printf_fp_infnan                        0x00000bd5   Thumb Code   112  _printf_fp_infnan.o(.text)
    _btod_etento                             0x00000c55   Thumb Code   216  bigflt0.o(.text)
    __user_setup_stackheap                   0x00000d31   Thumb Code    74  sys_stackheap_outer.o(.text)
    exit                                     0x00000d7b   Thumb Code    12  exit.o(.text)
    strcmp                                   0x00000d89   Thumb Code   128  strcmpv7m.o(.text)
    _sys_exit                                0x00000e09   Thumb Code     8  sys_exit.o(.text)
    __I$use$semihosting                      0x00000e15   Thumb Code     0  use_no_semi.o(.text)
    __use_no_semihosting_swi                 0x00000e15   Thumb Code     2  use_no_semi.o(.text)
    __semihosting_library_function           0x00000e17   Thumb Code     0  indicate_semi.o(.text)
    _btod_d2e                                0x00000e17   Thumb Code    62  btod.o(CL$$btod_d2e)
    _d2e_denorm_low                          0x00000e55   Thumb Code    70  btod.o(CL$$btod_d2e_denorm_low)
    _d2e_norm_op1                            0x00000e9b   Thumb Code    96  btod.o(CL$$btod_d2e_norm_op1)
    __btod_div_common                        0x00000efb   Thumb Code   696  btod.o(CL$$btod_div_common)
    _e2e                                     0x00001233   Thumb Code   198  btod.o(CL$$btod_e2e)
    _btod_ediv                               0x000012f9   Thumb Code    40  btod.o(CL$$btod_ediv)
    _btod_emul                               0x00001321   Thumb Code    40  btod.o(CL$$btod_emul)
    __btod_mult_common                       0x00001349   Thumb Code   580  btod.o(CL$$btod_mult_common)
    ADC0SS3_Handler                          0x0000158d   Thumb Code    32  display e adc.o(i.ADC0SS3_Handler)
    ADC0_InitTimer0ATrigger                  0x000015b9   Thumb Code   364  adc.o(i.ADC0_InitTimer0ATrigger)
    Delay                                    0x00001745   Thumb Code    20  display e adc.o(i.Delay)
    LCDConfig                                0x0000175d   Thumb Code    52  display e adc.o(i.LCDConfig)
    LCD_COut                                 0x00001791   Thumb Code    36  display e adc.o(i.LCD_COut)
    LCD_Cursor                               0x000017b5   Thumb Code    34  display e adc.o(i.LCD_Cursor)
    LCD_DATA                                 0x000017d9   Thumb Code   146  display e adc.o(i.LCD_DATA)
    LCD_E                                    0x0000187d   Thumb Code    34  display e adc.o(i.LCD_E)
    LCD_EX                                   0x000018a9   Thumb Code    34  display e adc.o(i.LCD_EX)
    LCD_Limpa                                0x000018cb   Thumb Code    22  display e adc.o(i.LCD_Limpa)
    LCD_Out                                  0x000018e1   Thumb Code    58  display e adc.o(i.LCD_Out)
    LCD_RS                                   0x0000191d   Thumb Code    34  display e adc.o(i.LCD_RS)
    LCD_RW                                   0x00001949   Thumb Code    34  display e adc.o(i.LCD_RW)
    MainTask                                 0x00001975   Thumb Code    72  display e adc.o(i.MainTask)
    SetLoc                                   0x000019d9   Thumb Code    46  display e adc.o(i.SetLoc)
    SysTick_Handler                          0x00001a09   Thumb Code    52  display e adc.o(i.SysTick_Handler)
    SystemInit                               0x00001a45   Thumb Code    20  system_tm4c129.o(i.SystemInit)
    __ARM_fpclassify                         0x00001a65   Thumb Code    48  fpclassify.o(i.__ARM_fpclassify)
    _is_digit                                0x00001a95   Thumb Code    14  __printf_wp.o(i._is_digit)
    main                                     0x00001aa5   Thumb Code   852  display e adc.o(i.main)
    _get_lc_numeric                          0x00001eb9   Thumb Code    44  lc_numeric_c.o(locale$$code)
    __aeabi_ddiv                             0x00001ee5   Thumb Code     0  ddiv.o(x$fpl$ddiv)
    _ddiv                                    0x00001ee5   Thumb Code   552  ddiv.o(x$fpl$ddiv)
    __aeabi_d2iz                             0x00002195   Thumb Code     0  dfix.o(x$fpl$dfix)
    _dfix                                    0x00002195   Thumb Code    94  dfix.o(x$fpl$dfix)
    __aeabi_i2d                              0x000021f3   Thumb Code     0  dflt_clz.o(x$fpl$dflt)
    _dflt                                    0x000021f3   Thumb Code    46  dflt_clz.o(x$fpl$dflt)
    __fpl_dnaninf                            0x00002221   Thumb Code   156  dnaninf.o(x$fpl$dnaninf)
    __fpl_dretinf                            0x000022bd   Thumb Code    12  dretinf.o(x$fpl$dretinf)
    __aeabi_f2d                              0x000022c9   Thumb Code     0  f2d.o(x$fpl$f2d)
    _f2d                                     0x000022c9   Thumb Code    86  f2d.o(x$fpl$f2d)
    __fpl_fnaninf                            0x0000231f   Thumb Code   140  fnaninf.o(x$fpl$fnaninf)
    _fp_init                                 0x000023ab   Thumb Code    10  fpinit.o(x$fpl$fpinit)
    __fplib_config_fpu_vfp                   0x000023b3   Thumb Code     0  fpinit.o(x$fpl$fpinit)
    __fplib_config_pureend_doubles           0x000023b3   Thumb Code     0  fpinit.o(x$fpl$fpinit)
    _printf_fp_dec                           0x000023b5   Thumb Code     4  printf1.o(x$fpl$printf1)
    __I$use$fp                               0x000023b8   Number         0  usenofp.o(x$fpl$usenofp)
    Region$$Table$$Base                      0x0000244c   Number         0  anon$$obj.o(Region$$Table)
    Region$$Table$$Limit                     0x0000246c   Number         0  anon$$obj.o(Region$$Table)
    Valor                                    0x20000000   Data           4  display e adc.o(.data)
    msTicks                                  0x20000004   Data           4  display e adc.o(.data)
    TimerDownCnt                             0x20000008   Data           8  display e adc.o(.data)
    init                                     0x20000010   Data           1  display e adc.o(.data)
    NovoValor                                0x20000011   Data           1  display e adc.o(.data)
    Voltage                                  0x20000014   Data           4  display e adc.o(.data)
    AVoltage                                 0x20000018   Data           4  display e adc.o(.data)
    Counter                                  0x2000001c   Data           4  display e adc.o(.data)
    refresh                                  0x20000020   Data           1  display e adc.o(.data)
    flow_frequency                           0x20000024   Data           4  display e adc.o(.data)
    l_hour                                   0x20000028   Data           4  display e adc.o(.data)
    vazao                                    0x2000002c   Data           4  display e adc.o(.data)
    S2                                       0x20000030   Data           4  display e adc.o(.data)
    flow_time                                0x20000034   Data           4  display e adc.o(.data)
    currentTime                              0x20000038   Data           4  display e adc.o(.data)
    SystemCoreClock                          0x2000003c   Data           4  system_tm4c129.o(.data)
    __libspace_start                         0x20000040   Data          96  libspace.o(.bss)
    __temporary_stack_top$libspace           0x200000a0   Data           0  libspace.o(.bss)



==============================================================================

Memory Map of the image

  Image Entry point : 0x000002c1

  Load Region LR_1 (Base: 0x00000000, Size: 0x000024c8, Max: 0xffffffff, ABSOLUTE)

    Execution Region ER_RO (Base: 0x00000000, Size: 0x00002488, Max: 0xffffffff, ABSOLUTE)

    Base Addr    Size         Type   Attr      Idx    E Section Name        Object

    0x00000000   0x00000200   Data   RO          205    RESET               startup_tm4c129.o
    0x00000200   0x00000008   Code   RO          293  * !!!main             c_w.l(__main.o)
    0x00000208   0x00000034   Code   RO          544    !!!scatter          c_w.l(__scatter.o)
    0x0000023c   0x0000001a   Code   RO          546    !!handler_copy      c_w.l(__scatter_copy.o)
    0x00000256   0x00000002   PAD
    0x00000258   0x0000001c   Code   RO          548    !!handler_zi        c_w.l(__scatter_zi.o)
    0x00000274   0x00000000   Code   RO          284    .ARM.Collect$$_printf_percent$$00000000  c_w.l(_printf_percent.o)
    0x00000274   0x00000006   Code   RO          283    .ARM.Collect$$_printf_percent$$00000003  c_w.l(_printf_f.o)
    0x0000027a   0x00000006   Code   RO          282    .ARM.Collect$$_printf_percent$$00000009  c_w.l(_printf_d.o)
    0x00000280   0x00000004   Code   RO          327    .ARM.Collect$$_printf_percent$$00000017  c_w.l(_printf_percent_end.o)
    0x00000284   0x00000002   Code   RO          418    .ARM.Collect$$libinit$$00000000  c_w.l(libinit.o)
    0x00000286   0x00000004   Code   RO          419    .ARM.Collect$$libinit$$00000001  c_w.l(libinit2.o)
    0x0000028a   0x00000000   Code   RO          422    .ARM.Collect$$libinit$$00000004  c_w.l(libinit2.o)
    0x0000028a   0x00000000   Code   RO          425    .ARM.Collect$$libinit$$0000000A  c_w.l(libinit2.o)
    0x0000028a   0x00000000   Code   RO          427    .ARM.Collect$$libinit$$0000000C  c_w.l(libinit2.o)
    0x0000028a   0x00000000   Code   RO          429    .ARM.Collect$$libinit$$0000000E  c_w.l(libinit2.o)
    0x0000028a   0x00000006   Code   RO          430    .ARM.Collect$$libinit$$0000000F  c_w.l(libinit2.o)
    0x00000290   0x00000000   Code   RO          432    .ARM.Collect$$libinit$$00000011  c_w.l(libinit2.o)
    0x00000290   0x00000000   Code   RO          434    .ARM.Collect$$libinit$$00000013  c_w.l(libinit2.o)
    0x00000290   0x00000000   Code   RO          436    .ARM.Collect$$libinit$$00000015  c_w.l(libinit2.o)
    0x00000290   0x0000000a   Code   RO          437    .ARM.Collect$$libinit$$00000016  c_w.l(libinit2.o)
    0x0000029a   0x00000000   Code   RO          438    .ARM.Collect$$libinit$$00000017  c_w.l(libinit2.o)
    0x0000029a   0x00000000   Code   RO          440    .ARM.Collect$$libinit$$00000019  c_w.l(libinit2.o)
    0x0000029a   0x00000000   Code   RO          442    .ARM.Collect$$libinit$$0000001B  c_w.l(libinit2.o)
    0x0000029a   0x00000000   Code   RO          444    .ARM.Collect$$libinit$$0000001D  c_w.l(libinit2.o)
    0x0000029a   0x00000000   Code   RO          446    .ARM.Collect$$libinit$$0000001F  c_w.l(libinit2.o)
    0x0000029a   0x00000000   Code   RO          448    .ARM.Collect$$libinit$$00000021  c_w.l(libinit2.o)
    0x0000029a   0x00000000   Code   RO          450    .ARM.Collect$$libinit$$00000023  c_w.l(libinit2.o)
    0x0000029a   0x00000000   Code   RO          452    .ARM.Collect$$libinit$$00000025  c_w.l(libinit2.o)
    0x0000029a   0x00000000   Code   RO          456    .ARM.Collect$$libinit$$0000002C  c_w.l(libinit2.o)
    0x0000029a   0x00000000   Code   RO          458    .ARM.Collect$$libinit$$0000002E  c_w.l(libinit2.o)
    0x0000029a   0x00000000   Code   RO          460    .ARM.Collect$$libinit$$00000030  c_w.l(libinit2.o)
    0x0000029a   0x00000000   Code   RO          462    .ARM.Collect$$libinit$$00000032  c_w.l(libinit2.o)
    0x0000029a   0x00000002   Code   RO          463    .ARM.Collect$$libinit$$00000033  c_w.l(libinit2.o)
    0x0000029c   0x00000002   Code   RO          493    .ARM.Collect$$libshutdown$$00000000  c_w.l(libshutdown.o)
    0x0000029e   0x00000000   Code   RO          505    .ARM.Collect$$libshutdown$$00000003  c_w.l(libshutdown2.o)
    0x0000029e   0x00000000   Code   RO          508    .ARM.Collect$$libshutdown$$00000006  c_w.l(libshutdown2.o)
    0x0000029e   0x00000000   Code   RO          511    .ARM.Collect$$libshutdown$$00000009  c_w.l(libshutdown2.o)
    0x0000029e   0x00000000   Code   RO          513    .ARM.Collect$$libshutdown$$0000000B  c_w.l(libshutdown2.o)
    0x0000029e   0x00000000   Code   RO          516    .ARM.Collect$$libshutdown$$0000000E  c_w.l(libshutdown2.o)
    0x0000029e   0x00000002   Code   RO          517    .ARM.Collect$$libshutdown$$0000000F  c_w.l(libshutdown2.o)
    0x000002a0   0x00000000   Code   RO          313    .ARM.Collect$$rtentry$$00000000  c_w.l(__rtentry.o)
    0x000002a0   0x00000000   Code   RO          341    .ARM.Collect$$rtentry$$00000002  c_w.l(__rtentry2.o)
    0x000002a0   0x00000006   Code   RO          353    .ARM.Collect$$rtentry$$00000004  c_w.l(__rtentry4.o)
    0x000002a6   0x00000000   Code   RO          343    .ARM.Collect$$rtentry$$00000009  c_w.l(__rtentry2.o)
    0x000002a6   0x00000004   Code   RO          344    .ARM.Collect$$rtentry$$0000000A  c_w.l(__rtentry2.o)
    0x000002aa   0x00000000   Code   RO          346    .ARM.Collect$$rtentry$$0000000C  c_w.l(__rtentry2.o)
    0x000002aa   0x00000008   Code   RO          347    .ARM.Collect$$rtentry$$0000000D  c_w.l(__rtentry2.o)
    0x000002b2   0x00000002   Code   RO          464    .ARM.Collect$$rtexit$$00000000  c_w.l(rtexit.o)
    0x000002b4   0x00000000   Code   RO          471    .ARM.Collect$$rtexit$$00000002  c_w.l(rtexit2.o)
    0x000002b4   0x00000004   Code   RO          472    .ARM.Collect$$rtexit$$00000003  c_w.l(rtexit2.o)
    0x000002b8   0x00000006   Code   RO          473    .ARM.Collect$$rtexit$$00000004  c_w.l(rtexit2.o)
    0x000002be   0x00000002   PAD
    0x000002c0   0x0000012c   Code   RO          206  * .text               startup_tm4c129.o
    0x000003ec   0x00000028   Code   RO          254    .text               c_w.l(noretval__2sprintf.o)
    0x00000414   0x0000004e   Code   RO          258    .text               c_w.l(_printf_pad.o)
    0x00000462   0x00000002   PAD
    0x00000464   0x00000078   Code   RO          260    .text               c_w.l(_printf_dec.o)
    0x000004dc   0x0000010e   Code   RO          270    .text               c_w.l(__printf_wp.o)
    0x000005ea   0x0000003e   Code   RO          289    .text               c_w.l(strlen.o)
    0x00000628   0x00000006   Code   RO          291    .text               c_w.l(heapauxi.o)
    0x0000062e   0x000000b2   Code   RO          319    .text               c_w.l(_printf_intcommon.o)
    0x000006e0   0x0000041a   Code   RO          321    .text               c_w.l(_printf_fp_dec.o)
    0x00000afa   0x00000002   PAD
    0x00000afc   0x00000030   Code   RO          323    .text               c_w.l(_printf_char_common.o)
    0x00000b2c   0x0000000a   Code   RO          325    .text               c_w.l(_sputc.o)
    0x00000b36   0x00000002   PAD
    0x00000b38   0x00000008   Code   RO          337    .text               c_w.l(libspace.o)
    0x00000b40   0x00000008   Code   RO          360    .text               c_w.l(rt_locale_intlibspace.o)
    0x00000b48   0x0000008a   Code   RO          362    .text               c_w.l(lludiv10.o)
    0x00000bd2   0x00000002   PAD
    0x00000bd4   0x00000080   Code   RO          364    .text               c_w.l(_printf_fp_infnan.o)
    0x00000c54   0x000000dc   Code   RO          370    .text               c_w.l(bigflt0.o)
    0x00000d30   0x0000004a   Code   RO          402    .text               c_w.l(sys_stackheap_outer.o)
    0x00000d7a   0x0000000c   Code   RO          409    .text               c_w.l(exit.o)
    0x00000d86   0x00000002   PAD
    0x00000d88   0x00000080   Code   RO          411    .text               c_w.l(strcmpv7m.o)
    0x00000e08   0x0000000c   Code   RO          483    .text               c_w.l(sys_exit.o)
    0x00000e14   0x00000002   Code   RO          494    .text               c_w.l(use_no_semi.o)
    0x00000e16   0x00000000   Code   RO          496    .text               c_w.l(indicate_semi.o)
    0x00000e16   0x0000003e   Code   RO          373    CL$$btod_d2e        c_w.l(btod.o)
    0x00000e54   0x00000046   Code   RO          375    CL$$btod_d2e_denorm_low  c_w.l(btod.o)
    0x00000e9a   0x00000060   Code   RO          374    CL$$btod_d2e_norm_op1  c_w.l(btod.o)
    0x00000efa   0x00000338   Code   RO          383    CL$$btod_div_common  c_w.l(btod.o)
    0x00001232   0x000000c6   Code   RO          380    CL$$btod_e2e        c_w.l(btod.o)
    0x000012f8   0x00000028   Code   RO          377    CL$$btod_ediv       c_w.l(btod.o)
    0x00001320   0x00000028   Code   RO          376    CL$$btod_emul       c_w.l(btod.o)
    0x00001348   0x00000244   Code   RO          382    CL$$btod_mult_common  c_w.l(btod.o)
    0x0000158c   0x0000002c   Code   RO            4    i.ADC0SS3_Handler   display e adc.o
    0x000015b8   0x0000018c   Code   RO          175    i.ADC0_InitTimer0ATrigger  adc.o
    0x00001744   0x00000018   Code   RO            5    i.Delay             display e adc.o
    0x0000175c   0x00000034   Code   RO            6    i.LCDConfig         display e adc.o
    0x00001790   0x00000024   Code   RO            7    i.LCD_COut          display e adc.o
    0x000017b4   0x00000022   Code   RO            8    i.LCD_Cursor        display e adc.o
    0x000017d6   0x00000002   PAD
    0x000017d8   0x000000a4   Code   RO            9    i.LCD_DATA          display e adc.o
    0x0000187c   0x0000002c   Code   RO           10    i.LCD_E             display e adc.o
    0x000018a8   0x00000022   Code   RO           11    i.LCD_EX            display e adc.o
    0x000018ca   0x00000016   Code   RO           12    i.LCD_Limpa         display e adc.o
    0x000018e0   0x0000003a   Code   RO           13    i.LCD_Out           display e adc.o
    0x0000191a   0x00000002   PAD
    0x0000191c   0x0000002c   Code   RO           14    i.LCD_RS            display e adc.o
    0x00001948   0x0000002c   Code   RO           15    i.LCD_RW            display e adc.o
    0x00001974   0x00000064   Code   RO           16    i.MainTask          display e adc.o
    0x000019d8   0x0000002e   Code   RO           17    i.SetLoc            display e adc.o
    0x00001a06   0x00000002   PAD
    0x00001a08   0x0000003c   Code   RO           19    i.SysTick_Handler   display e adc.o
    0x00001a44   0x00000020   Code   RO          214    i.SystemInit        system_tm4c129.o
    0x00001a64   0x00000030   Code   RO          400    i.__ARM_fpclassify  m_wm.l(fpclassify.o)
    0x00001a94   0x0000000e   Code   RO          272    i._is_digit         c_w.l(__printf_wp.o)
    0x00001aa2   0x00000002   PAD
    0x00001aa4   0x00000414   Code   RO           21    i.main              display e adc.o
    0x00001eb8   0x0000002c   Code   RO          396    locale$$code        c_w.l(lc_numeric_c.o)
    0x00001ee4   0x000002b0   Code   RO          296    x$fpl$ddiv          fz_wm.l(ddiv.o)
    0x00002194   0x0000005e   Code   RO          299    x$fpl$dfix          fz_wm.l(dfix.o)
    0x000021f2   0x0000002e   Code   RO          304    x$fpl$dflt          fz_wm.l(dflt_clz.o)
    0x00002220   0x0000009c   Code   RO          330    x$fpl$dnaninf       fz_wm.l(dnaninf.o)
    0x000022bc   0x0000000c   Code   RO          332    x$fpl$dretinf       fz_wm.l(dretinf.o)
    0x000022c8   0x00000056   Code   RO          309    x$fpl$f2d           fz_wm.l(f2d.o)
    0x0000231e   0x0000008c   Code   RO          334    x$fpl$fnaninf       fz_wm.l(fnaninf.o)
    0x000023aa   0x0000000a   Code   RO          468    x$fpl$fpinit        fz_wm.l(fpinit.o)
    0x000023b4   0x00000004   Code   RO          311    x$fpl$printf1       fz_wm.l(printf1.o)
    0x000023b8   0x00000000   Code   RO          336    x$fpl$usenofp       fz_wm.l(usenofp.o)
    0x000023b8   0x00000094   Data   RO          371    .constdata          c_w.l(bigflt0.o)
    0x0000244c   0x00000020   Data   RO          542    Region$$Table       anon$$obj.o
    0x0000246c   0x0000001c   Data   RO          395    locale$$data        c_w.l(lc_numeric_c.o)


    Execution Region ER_RW (Base: 0x20000000, Size: 0x00000040, Max: 0xffffffff, ABSOLUTE)

    Base Addr    Size         Type   Attr      Idx    E Section Name        Object

    0x20000000   0x0000003c   Data   RW           22    .data               display e adc.o
    0x2000003c   0x00000004   Data   RW          215    .data               system_tm4c129.o


    Execution Region ER_ZI (Base: 0x20000040, Size: 0x00000260, Max: 0xffffffff, ABSOLUTE)

    Base Addr    Size         Type   Attr      Idx    E Section Name        Object

    0x20000040   0x00000060   Zero   RW          338    .bss                c_w.l(libspace.o)
    0x200000a0   0x00000000   Zero   RW          204    HEAP                startup_tm4c129.o
    0x200000a0   0x00000200   Zero   RW          203    STACK               startup_tm4c129.o


==============================================================================

Image component sizes


      Code (inc. data)   RO Data    RW Data    ZI Data      Debug   Object Name

       396         32          0          0          0      54597   adc.o
      1850        292          0         60          0      70044   display e adc.o
       300         22        512          0        512       6092   startup_tm4c129.o
        32         12          0          4          0        895   system_tm4c129.o

    ----------------------------------------------------------------------
      2584        358        544         64        512     131628   Object Totals
         0          0         32          0          0          0   (incl. Generated)
         6          0          0          0          0          0   (incl. Padding)

    ----------------------------------------------------------------------

      Code (inc. data)   RO Data    RW Data    ZI Data      Debug   Library Member Name

         8          0          0          0          0         68   __main.o
       284          0          0          0          0        156   __printf_wp.o
         0          0          0          0          0          0   __rtentry.o
        12          0          0          0          0          0   __rtentry2.o
         6          0          0          0          0          0   __rtentry4.o
        52          8          0          0          0          0   __scatter.o
        26          0          0          0          0          0   __scatter_copy.o
        28          0          0          0          0          0   __scatter_zi.o
        48          6          0          0          0         96   _printf_char_common.o
         6          0          0          0          0          0   _printf_d.o
       120         16          0          0          0         92   _printf_dec.o
         6          0          0          0          0          0   _printf_f.o
      1050          0          0          0          0        216   _printf_fp_dec.o
       128         16          0          0          0         84   _printf_fp_infnan.o
       178          0          0          0          0         88   _printf_intcommon.o
        78          0          0          0          0        108   _printf_pad.o
         0          0          0          0          0          0   _printf_percent.o
         4          0          0          0          0          0   _printf_percent_end.o
        10          0          0          0          0         68   _sputc.o
       220          4        148          0          0         96   bigflt0.o
      1910        128          0          0          0        672   btod.o
        12          0          0          0          0         72   exit.o
         6          0          0          0          0        152   heapauxi.o
         0          0          0          0          0          0   indicate_semi.o
        44         10         28          0          0         76   lc_numeric_c.o
         2          0          0          0          0          0   libinit.o
        22          0          0          0          0          0   libinit2.o
         2          0          0          0          0          0   libshutdown.o
         2          0          0          0          0          0   libshutdown2.o
         8          4          0          0         96         68   libspace.o
       138          0          0          0          0         80   lludiv10.o
        40          6          0          0          0         84   noretval__2sprintf.o
         8          4          0          0          0         68   rt_locale_intlibspace.o
         2          0          0          0          0          0   rtexit.o
        10          0          0          0          0          0   rtexit2.o
       128          0          0          0          0         68   strcmpv7m.o
        62          0          0          0          0         76   strlen.o
        12          4          0          0          0         68   sys_exit.o
        74          0          0          0          0         80   sys_stackheap_outer.o
         2          0          0          0          0         68   use_no_semi.o
       688        140          0          0          0        256   ddiv.o
        94          4          0          0          0        140   dfix.o
        46          0          0          0          0        116   dflt_clz.o
       156          4          0          0          0        140   dnaninf.o
        12          0          0          0          0        116   dretinf.o
        86          4          0          0          0        132   f2d.o
       140          4          0          0          0        132   fnaninf.o
        10          0          0          0          0        116   fpinit.o
         4          0          0          0          0        116   printf1.o
         0          0          0          0          0          0   usenofp.o
        48          0          0          0          0        124   fpclassify.o

    ----------------------------------------------------------------------
      6048        362        176          0         96       4092   Library Totals
        16          0          0          0          0          0   (incl. Padding)

    ----------------------------------------------------------------------

      Code (inc. data)   RO Data    RW Data    ZI Data      Debug   Library Name

      4748        206        176          0         96       2704   c_w.l
      1236        156          0          0          0       1264   fz_wm.l
        48          0          0          0          0        124   m_wm.l

    ----------------------------------------------------------------------
      6048        362        176          0         96       4092   Library Totals

    ----------------------------------------------------------------------

==============================================================================


      Code (inc. data)   RO Data    RW Data    ZI Data      Debug   

      8632        720        720         64        608     132164   Grand Totals
      8632        720        720         64        608     132164   ELF Image Totals
      8632        720        720         64          0          0   ROM Totals

==============================================================================

    Total RO  Size (Code + RO Data)                 9352 (   9.13kB)
    Total RW  Size (RW Data + ZI Data)               672 (   0.66kB)
    Total ROM Size (Code + RO Data + RW Data)       9416 (   9.20kB)

==============================================================================

